Archive member included to satisfy reference by file (symbol)

/usr/local/mcuxpressoide-11.0.1_2563/ide/plugins/com.nxp.mcuxpresso.tools.linux_11.0.1.201907311258/tools/bin/../lib/gcc/arm-none-eabi/8.2.1/../../../../arm-none-eabi/lib/thumb/v6-m/nofp/libcr_nohost_nf.a(_cr__main.o)
                              ./Debug/startup/startup_mkl25z4.o (__main)
/usr/local/mcuxpressoide-11.0.1_2563/ide/plugins/com.nxp.mcuxpresso.tools.linux_11.0.1.201907311258/tools/bin/../lib/gcc/arm-none-eabi/8.2.1/../../../../arm-none-eabi/lib/thumb/v6-m/nofp/libcr_c.a(memcpy.o)
                              ./Debug/drivers/fsl_flash.o (memcpy)
/usr/local/mcuxpressoide-11.0.1_2563/ide/plugins/com.nxp.mcuxpresso.tools.linux_11.0.1.201907311258/tools/bin/../lib/gcc/arm-none-eabi/8.2.1/../../../../arm-none-eabi/lib/thumb/v6-m/nofp/libcr_c.a(memset.o)
                              ./Debug/drivers/fsl_flash.o (memset)
/usr/local/mcuxpressoide-11.0.1_2563/ide/plugins/com.nxp.mcuxpresso.tools.linux_11.0.1.201907311258/tools/bin/../lib/gcc/arm-none-eabi/8.2.1/../../../../arm-none-eabi/lib/thumb/v6-m/nofp/libcr_c.a(alloc.o)
                              ./Debug/source/mem_test/allocate.o (malloc)
/usr/local/mcuxpressoide-11.0.1_2563/ide/plugins/com.nxp.mcuxpresso.tools.linux_11.0.1.201907311258/tools/bin/../lib/gcc/arm-none-eabi/8.2.1/../../../../arm-none-eabi/lib/thumb/v6-m/nofp/libcr_c.a(initio.o)
                              /usr/local/mcuxpressoide-11.0.1_2563/ide/plugins/com.nxp.mcuxpresso.tools.linux_11.0.1.201907311258/tools/bin/../lib/gcc/arm-none-eabi/8.2.1/../../../../arm-none-eabi/lib/thumb/v6-m/nofp/libcr_nohost_nf.a(_cr__main.o) (_initio)
/usr/local/mcuxpressoide-11.0.1_2563/ide/plugins/com.nxp.mcuxpresso.tools.linux_11.0.1.201907311258/tools/bin/../lib/gcc/arm-none-eabi/8.2.1/../../../../arm-none-eabi/lib/thumb/v6-m/nofp/libcr_c.a(printf.o)
                              ./Debug/source/logger/logger.o (_printf)
/usr/local/mcuxpressoide-11.0.1_2563/ide/plugins/com.nxp.mcuxpresso.tools.linux_11.0.1.201907311258/tools/bin/../lib/gcc/arm-none-eabi/8.2.1/../../../../arm-none-eabi/lib/thumb/v6-m/nofp/libcr_c.a(setvbuf.o)
                              /usr/local/mcuxpressoide-11.0.1_2563/ide/plugins/com.nxp.mcuxpresso.tools.linux_11.0.1.201907311258/tools/bin/../lib/gcc/arm-none-eabi/8.2.1/../../../../arm-none-eabi/lib/thumb/v6-m/nofp/libcr_c.a(initio.o) (setvbuf)
/usr/local/mcuxpressoide-11.0.1_2563/ide/plugins/com.nxp.mcuxpresso.tools.linux_11.0.1.201907311258/tools/bin/../lib/gcc/arm-none-eabi/8.2.1/../../../../arm-none-eabi/lib/thumb/v6-m/nofp/libcr_c.a(strlen.o)
                              ./Debug/utilities/fsl_debug_console.o (strlen)
/usr/local/mcuxpressoide-11.0.1_2563/ide/plugins/com.nxp.mcuxpresso.tools.linux_11.0.1.201907311258/tools/bin/../lib/gcc/arm-none-eabi/8.2.1/../../../../arm-none-eabi/lib/thumb/v6-m/nofp/libcr_c.a(__init_alloc.o)
                              /usr/local/mcuxpressoide-11.0.1_2563/ide/plugins/com.nxp.mcuxpresso.tools.linux_11.0.1.201907311258/tools/bin/../lib/gcc/arm-none-eabi/8.2.1/../../../../arm-none-eabi/lib/thumb/v6-m/nofp/libcr_c.a(alloc.o) (__heaps)
/usr/local/mcuxpressoide-11.0.1_2563/ide/plugins/com.nxp.mcuxpresso.tools.linux_11.0.1.201907311258/tools/bin/../lib/gcc/arm-none-eabi/8.2.1/../../../../arm-none-eabi/lib/thumb/v6-m/nofp/libcr_c.a(_cr_sbrk.o)
                              /usr/local/mcuxpressoide-11.0.1_2563/ide/plugins/com.nxp.mcuxpresso.tools.linux_11.0.1.201907311258/tools/bin/../lib/gcc/arm-none-eabi/8.2.1/../../../../arm-none-eabi/lib/thumb/v6-m/nofp/libcr_c.a(alloc.o) (_sbrk)
/usr/local/mcuxpressoide-11.0.1_2563/ide/plugins/com.nxp.mcuxpresso.tools.linux_11.0.1.201907311258/tools/bin/../lib/gcc/arm-none-eabi/8.2.1/../../../../arm-none-eabi/lib/thumb/v6-m/nofp/libcr_c.a(_deferredlazyseek.o)
                              /usr/local/mcuxpressoide-11.0.1_2563/ide/plugins/com.nxp.mcuxpresso.tools.linux_11.0.1.201907311258/tools/bin/../lib/gcc/arm-none-eabi/8.2.1/../../../../arm-none-eabi/lib/thumb/v6-m/nofp/libcr_c.a(printf.o) (__flsbuf)
/usr/local/mcuxpressoide-11.0.1_2563/ide/plugins/com.nxp.mcuxpresso.tools.linux_11.0.1.201907311258/tools/bin/../lib/gcc/arm-none-eabi/8.2.1/../../../../arm-none-eabi/lib/thumb/v6-m/nofp/libcr_c.a(_fdopen.o)
                              /usr/local/mcuxpressoide-11.0.1_2563/ide/plugins/com.nxp.mcuxpresso.tools.linux_11.0.1.201907311258/tools/bin/../lib/gcc/arm-none-eabi/8.2.1/../../../../arm-none-eabi/lib/thumb/v6-m/nofp/libcr_c.a(initio.o) (_fdopen)
/usr/local/mcuxpressoide-11.0.1_2563/ide/plugins/com.nxp.mcuxpresso.tools.linux_11.0.1.201907311258/tools/bin/../lib/gcc/arm-none-eabi/8.2.1/../../../../arm-none-eabi/lib/thumb/v6-m/nofp/libcr_c.a(_fflush.o)
                              /usr/local/mcuxpressoide-11.0.1_2563/ide/plugins/com.nxp.mcuxpresso.tools.linux_11.0.1.201907311258/tools/bin/../lib/gcc/arm-none-eabi/8.2.1/../../../../arm-none-eabi/lib/thumb/v6-m/nofp/libcr_c.a(_deferredlazyseek.o) (_fflush)
[...]
Memory Configuration

Name             Origin             Length             Attributes
PROGRAM_FLASH    0x0000000000000000 0x0000000000020000 xr
SRAM             0x000000001ffff000 0x0000000000004000 xrw
*default*        0x0000000000000000 0xffffffffffffffff

Linker script and memory map

LOAD ./Debug/source/logger/logger.o
LOAD ./Debug/source/mem_test/allocate.o
LOAD ./Debug/source/mem_test/display.o
LOAD ./Debug/source/mem_test/free.o
LOAD ./Debug/source/mem_test/get_addr.o
LOAD ./Debug/source/mem_test/invert.o
LOAD ./Debug/source/mem_test/mem_write.o
LOAD ./Debug/source/mem_test/pattern_write.o
LOAD ./Debug/source/mem_test/verify.o
LOAD ./Debug/source/pattern_gen/pattern_gen.o
LOAD ./Debug/startup/startup_mkl25z4.o
LOAD ./Debug/CMSIS/system_MKL25Z4.o
LOAD ./Debug/board/board.o
LOAD ./Debug/board/clock_config.o
LOAD ./Debug/board/peripherals.o
LOAD ./Debug/board/pin_mux.o
LOAD ./Debug/drivers/fsl_clock.o
LOAD ./Debug/drivers/fsl_common.o
LOAD ./Debug/drivers/fsl_flash.o
LOAD ./Debug/drivers/fsl_gpio.o
LOAD ./Debug/drivers/fsl_lpsci.o
LOAD ./Debug/drivers/fsl_smc.o
LOAD ./Debug/drivers/fsl_uart.o
LOAD ./Debug/utilities/fsl_debug_console.o
LOAD ./Debug/source/main.o
LOAD ./Debug/source/led_control/led_control.o
START GROUP
LOAD /usr/local/mcuxpressoide-11.0.1_2563/ide/plugins/com.nxp.mcuxpresso.tools.linux_11.0.1.201907311258/tools/bin/../lib/gcc/arm-none-eabi/8.2.1/../../../../arm-none-eabi/lib/thumb/v6-m/nofp/libcr_nohost_nf.a
LOAD /usr/local/mcuxpressoide-11.0.1_2563/ide/plugins/com.nxp.mcuxpresso.tools.linux_11.0.1.201907311258/tools/bin/../lib/gcc/arm-none-eabi/8.2.1/../../../../arm-none-eabi/lib/thumb/v6-m/nofp/libcr_c.a
LOAD libcr_eabihelpers.a
LOAD /usr/local/mcuxpressoide-11.0.1_2563/ide/plugins/com.nxp.mcuxpresso.tools.linux_11.0.1.201907311258/tools/bin/../lib/gcc/arm-none-eabi/8.2.1/thumb/v6-m/nofp/libgcc.a
END GROUP
                0x0000000000000000                __base_PROGRAM_FLASH = 0x0
                0x0000000000000000                __base_Flash = 0x0
                0x0000000000020000                __top_PROGRAM_FLASH = 0x20000
                0x0000000000020000                __top_Flash = 0x20000
                0x000000001ffff000                __base_SRAM = 0x1ffff000
                0x000000001ffff000                __base_RAM = 0x1ffff000
                0x0000000020003000                __top_SRAM = 0x20003000
                0x0000000020003000                __top_RAM = 0x20003000

.text           0x0000000000000000     0x4cb0
 FILL mask 0xff
                0x0000000000000000                __vectors_start__ = ABSOLUTE (.)
 *(SORT_BY_ALIGNMENT(.isr_vector))
 .isr_vector    0x0000000000000000       0xc0 ./Debug/startup/startup_mkl25z4.o
                0x0000000000000000                __Vectors
                0x0000000000000000                g_pfnVectors
                0x00000000000000c0                . = ALIGN (0x4)
                0x00000000000000c0                __section_table_start = .
                0x00000000000000c0                __data_section_table = .
                0x00000000000000c0        0x4 LONG 0x4cb0 LOADADDR (.data)
                0x00000000000000c4        0x4 LONG 0x1ffff000 ADDR (.data)
                0x00000000000000c8        0x4 LONG 0xc SIZEOF (.data)
                0x00000000000000cc                __data_section_table_end = .
                0x00000000000000cc                __bss_section_table = .
                0x00000000000000cc        0x4 LONG 0x1ffff00c ADDR (.bss)
                0x00000000000000d0        0x4 LONG 0x140 SIZEOF (.bss)
                0x00000000000000d4                __bss_section_table_end = .
                0x00000000000000d4                __section_table_end = .
 *(SORT_BY_ALIGNMENT(.after_vectors*))
 .after_vectors.reset
                0x00000000000000d4       0x4c ./Debug/startup/startup_mkl25z4.o
                0x00000000000000d4                ResetISR
 .after_vectors.init_data
                0x0000000000000120       0x12 ./Debug/startup/startup_mkl25z4.o
                0x0000000000000120                data_init
 .after_vectors.init_bss
                0x0000000000000132       0x10 ./Debug/startup/startup_mkl25z4.o
                0x0000000000000132                bss_init
 .after_vectors
                0x0000000000000142      0x10c ./Debug/startup/startup_mkl25z4.o
                0x0000000000000142                NMI_Handler
                0x0000000000000144                HardFault_Handler
                0x0000000000000146                SVC_Handler
                0x0000000000000148                PendSV_Handler
                0x000000000000014a                SysTick_Handler
                0x000000000000014c                PIT_DriverIRQHandler
                0x000000000000014c                Reserved39_DriverIRQHandler
                0x000000000000014c                DMA0_DriverIRQHandler
                0x000000000000014c                SPI1_DriverIRQHandler
                0x000000000000014c                LPTMR0_DriverIRQHandler
                0x000000000000014c                TPM2_DriverIRQHandler
                0x000000000000014c                TSI0_DriverIRQHandler
                0x000000000000014c                RTC_Seconds_DriverIRQHandler
                0x000000000000014c                LLWU_DriverIRQHandler
                0x000000000000014c                MCG_DriverIRQHandler
                0x000000000000014c                FTFA_DriverIRQHandler
                0x000000000000014c                IntDefaultHandler
                0x000000000000014c                USB0_DriverIRQHandler
                0x000000000000014c                DAC0_DriverIRQHandler
                0x000000000000014c                LVD_LVW_DriverIRQHandler
                0x000000000000014c                TPM0_DriverIRQHandler
                0x000000000000014c                Reserved20_DriverIRQHandler
                0x000000000000014c                DMA3_DriverIRQHandler
                0x000000000000014c                Reserved45_DriverIRQHandler
                0x000000000000014c                PORTA_DriverIRQHandler
                0x000000000000014c                TPM1_DriverIRQHandler
                0x000000000000014c                RTC_DriverIRQHandler
                0x000000000000014c                DMA1_DriverIRQHandler
                0x000000000000014c                I2C1_DriverIRQHandler
                0x000000000000014c                SPI0_DriverIRQHandler
                0x000000000000014c                ADC0_DriverIRQHandler
                0x000000000000014c                CMP0_DriverIRQHandler
                0x000000000000014c                DMA2_DriverIRQHandler
                0x000000000000014c                PORTD_DriverIRQHandler
                0x000000000000014c                I2C0_DriverIRQHandler
                0x000000000000014e                DMA0_IRQHandler
                0x0000000000000156                DMA1_IRQHandler
                0x000000000000015e                DMA2_IRQHandler
                0x0000000000000166                DMA3_IRQHandler
                0x000000000000016e                Reserved20_IRQHandler
                0x0000000000000176                FTFA_IRQHandler
                0x000000000000017e                LVD_LVW_IRQHandler
                0x0000000000000186                LLWU_IRQHandler
                0x000000000000018e                I2C0_IRQHandler
                0x0000000000000196                I2C1_IRQHandler
                0x000000000000019e                SPI0_IRQHandler
                0x00000000000001a6                SPI1_IRQHandler
                0x00000000000001ae                UART0_IRQHandler
                0x00000000000001b6                UART1_IRQHandler
                0x00000000000001be                UART2_IRQHandler
                0x00000000000001c6                ADC0_IRQHandler
                0x00000000000001ce                CMP0_IRQHandler
                0x00000000000001d6                TPM0_IRQHandler
                0x00000000000001de                TPM1_IRQHandler
                0x00000000000001e6                TPM2_IRQHandler
                0x00000000000001ee                RTC_IRQHandler
                0x00000000000001f6                RTC_Seconds_IRQHandler
                0x00000000000001fe                PIT_IRQHandler
                0x0000000000000206                Reserved39_IRQHandler
                0x000000000000020e                USB0_IRQHandler
                0x0000000000000216                DAC0_IRQHandler
                0x000000000000021e                TSI0_IRQHandler
                0x0000000000000226                MCG_IRQHandler
                0x000000000000022e                LPTMR0_IRQHandler
                0x0000000000000236                Reserved45_IRQHandler
                0x000000000000023e                PORTA_IRQHandler
                0x0000000000000246                PORTD_IRQHandler
                0x0000000000000400                . = 0x400
 *fill*         0x000000000000024e      0x1b2 ff
                0x0000000000000400                PROVIDE (__FLASH_CONFIG_START__ = .)
 *(SORT_BY_ALIGNMENT(.FlashConfig))
 .FlashConfig   0x0000000000000400       0x10 ./Debug/startup/startup_mkl25z4.o
                0x0000000000000400                Flash_Config
                0x0000000000000410                PROVIDE (__FLASH_CONFIG_END__ = .)
                0x0000000000000001                ASSERT (! ((__FLASH_CONFIG_START__ == __FLASH_CONFIG_END__)), Linker Flash Config Support Enabled, but no .FlashConfig section provided within application)
 *(SORT_BY_ALIGNMENT(.text*))
 .text.logger_enable
                0x0000000000000410       0x24 ./Debug/source/logger/logger.o
                0x0000000000000410                logger_enable
 .text.log_string
                0x0000000000000434       0x2c ./Debug/source/logger/logger.o
                0x0000000000000434                log_string
 .text.log_data
                0x0000000000000460       0x8c ./Debug/source/logger/logger.o
                0x0000000000000460                log_data
 .text.log_address
                0x00000000000004ec       0x80 ./Debug/source/logger/logger.o
                0x00000000000004ec                log_address
 .text.verify_pattern
                0x000000000000056c      0x1b0 ./Debug/source/mem_test/verify.o
                0x000000000000056c                verify_pattern
 .text.pattern_generator
                0x000000000000071c      0x1d0 ./Debug/source/pattern_gen/pattern_gen.o
                0x000000000000071c                pattern_generator
 .text.SystemInit
                0x00000000000008ec       0x18 ./Debug/CMSIS/system_MKL25Z4.o
                0x00000000000008ec                SystemInit
 .text.CLOCK_SetLpsci0Clock
                0x0000000000000904       0x38 ./Debug/board/board.o
 .text.BOARD_InitDebugConsole
                0x000000000000093c       0x30 ./Debug/board/board.o
                0x000000000000093c                BOARD_InitDebugConsole
 .text.CLOCK_SetSimSafeDivs
                0x000000000000096c       0x20 ./Debug/board/clock_config.o
 .text.CLOCK_SetXtal0Freq
                0x000000000000098c       0x1c ./Debug/board/clock_config.o
 .text.CLOCK_CONFIG_SetFllExtRefDiv
                0x00000000000009a8       0x3c ./Debug/board/clock_config.o
 .text.BOARD_BootClockRUN
                0x00000000000009e4       0x64 ./Debug/board/clock_config.o
                0x00000000000009e4                BOARD_BootClockRUN
 .text.CLOCK_EnableClock
                0x0000000000000a48       0x34 ./Debug/board/pin_mux.o
 .text.PORT_SetPinMux
                0x0000000000000a7c       0x40 ./Debug/board/pin_mux.o
 .text.BOARD_InitPins
                0x0000000000000abc       0x90 ./Debug/board/pin_mux.o
                0x0000000000000abc                BOARD_InitPins
 .text.CLOCK_SetEr32kClock
                0x0000000000000b4c       0x34 ./Debug/drivers/fsl_clock.o
 .text.CLOCK_SetPllFllSelClock
                0x0000000000000b80       0x38 ./Debug/drivers/fsl_clock.o
 .text.CLOCK_GetMcgExtClkFreq
                0x0000000000000bb8       0x28 ./Debug/drivers/fsl_clock.o
 .text.CLOCK_GetFllExtRefClkFreq
                0x0000000000000be0       0xa4 ./Debug/drivers/fsl_clock.o
 .text.CLOCK_GetFllRefClkFreq
                0x0000000000000c84       0x2c ./Debug/drivers/fsl_clock.o
 .text.CLOCK_GetOscRangeFromFreq
                0x0000000000000cb0       0x4c ./Debug/drivers/fsl_clock.o
 .text.CLOCK_GetPllFllSelClkFreq
                0x0000000000000cfc       0x4c ./Debug/drivers/fsl_clock.o
                0x0000000000000cfc                CLOCK_GetPllFllSelClkFreq
 .text.CLOCK_SetSimConfig
                0x0000000000000d48       0x38 ./Debug/drivers/fsl_clock.o
                0x0000000000000d48                CLOCK_SetSimConfig
 .text.CLOCK_GetFllFreq
                0x0000000000000d80       0x84 ./Debug/drivers/fsl_clock.o
                0x0000000000000d80                CLOCK_GetFllFreq
 .text.CLOCK_GetPll0Freq
                0x0000000000000e04       0x70 ./Debug/drivers/fsl_clock.o
                0x0000000000000e04                CLOCK_GetPll0Freq
 .text.CLOCK_SetInternalRefClkConfig
                0x0000000000000e74      0x124 ./Debug/drivers/fsl_clock.o
                0x0000000000000e74                CLOCK_SetInternalRefClkConfig
 .text.CLOCK_EnablePll0
                0x0000000000000f98       0x90 ./Debug/drivers/fsl_clock.o
                0x0000000000000f98                CLOCK_EnablePll0
 .text.CLOCK_InitOsc0
                0x0000000000001028       0x94 ./Debug/drivers/fsl_clock.o
                0x0000000000001028                CLOCK_InitOsc0
 .text.CLOCK_SetPbeMode
                0x00000000000010bc       0xb0 ./Debug/drivers/fsl_clock.o
                0x00000000000010bc                CLOCK_SetPbeMode
 .text.CLOCK_BootToPeeMode
                0x000000000000116c       0x70 ./Debug/drivers/fsl_clock.o
                0x000000000000116c                CLOCK_BootToPeeMode
 .text.__assertion_failed
                0x00000000000011dc       0x1c ./Debug/drivers/fsl_common.o
                0x00000000000011dc                __assertion_failed
 .text.CLOCK_EnableClock
                0x00000000000011f8       0x34 ./Debug/drivers/fsl_lpsci.o
 .text.LPSCI_GetInstance
                0x000000000000122c       0x48 ./Debug/drivers/fsl_lpsci.o
                0x000000000000122c                LPSCI_GetInstance
 .text.LPSCI_Init
                0x0000000000001274      0x258 ./Debug/drivers/fsl_lpsci.o
                0x0000000000001274                LPSCI_Init
 .text.LPSCI_GetDefaultConfig
                0x00000000000014cc       0x44 ./Debug/drivers/fsl_lpsci.o
                0x00000000000014cc                LPSCI_GetDefaultConfig
 .text.LPSCI_ClearStatusFlags
                0x0000000000001510       0x94 ./Debug/drivers/fsl_lpsci.o
                0x0000000000001510                LPSCI_ClearStatusFlags
 .text.LPSCI_WriteBlocking
                0x00000000000015a4       0x4c ./Debug/drivers/fsl_lpsci.o
                0x00000000000015a4                LPSCI_WriteBlocking
 .text.LPSCI_ReadBlocking
                0x00000000000015f0       0xc0 ./Debug/drivers/fsl_lpsci.o
                0x00000000000015f0                LPSCI_ReadBlocking
 .text.UART0_DriverIRQHandler
                0x00000000000016b0       0x24 ./Debug/drivers/fsl_lpsci.o
                0x00000000000016b0                UART0_DriverIRQHandler
 .text.CLOCK_EnableClock
                0x00000000000016d4       0x34 ./Debug/drivers/fsl_uart.o
 .text.UART_GetInstance
                0x0000000000001708       0x54 ./Debug/drivers/fsl_uart.o
                0x0000000000001708                UART_GetInstance
 .text.UART_Init
                0x000000000000175c      0x1e0 ./Debug/drivers/fsl_uart.o
                0x000000000000175c                UART_Init
 .text.UART_GetDefaultConfig
                0x000000000000193c       0x44 ./Debug/drivers/fsl_uart.o
                0x000000000000193c                UART_GetDefaultConfig
 .text.UART_ReadBlocking
                0x0000000000001980       0x98 ./Debug/drivers/fsl_uart.o
                0x0000000000001980                UART_ReadBlocking
 .text.UART1_DriverIRQHandler
                0x0000000000001a18       0x24 ./Debug/drivers/fsl_uart.o
                0x0000000000001a18                UART1_DriverIRQHandler
 .text.UART2_DriverIRQHandler
                0x0000000000001a3c       0x24 ./Debug/drivers/fsl_uart.o
                0x0000000000001a3c                UART2_DriverIRQHandler
 .text.DbgConsole_Init
                0x0000000000001a60       0xf0 ./Debug/utilities/fsl_debug_console.o
                0x0000000000001a60                DbgConsole_Init
 .text.DbgConsole_Printf
                0x0000000000001b50       0x44 ./Debug/utilities/fsl_debug_console.o
                0x0000000000001b50                DbgConsole_Printf
 .text.DbgConsole_Putchar
                0x0000000000001b94       0x34 ./Debug/utilities/fsl_debug_console.o
                0x0000000000001b94                DbgConsole_Putchar
 .text.main     0x0000000000001bc8      0x464 ./Debug/source/main.o
                0x0000000000001bc8                main
 .text.delay    0x000000000000202c       0x28 ./Debug/source/main.o
                0x000000000000202c                delay
 .text.Turn_On_Only_LED
                0x0000000000002054      0x13c ./Debug/source/led_control/led_control.o
                0x0000000000002054                Turn_On_Only_LED
 .text.malloc   0x0000000000002190       0xcc /usr/local/mcuxpressoide-11.0.1_2563/ide/plugins/com.nxp.mcuxpresso.tools.linux_11.0.1.201907311258/tools/bin/../lib/gcc/arm-none-eabi/8.2.1/../../../../arm-none-eabi/lib/thumb/v6-m/nofp/libcr_c.a(alloc.o)
                0x0000000000002190                malloc
 .text._Csys_alloc
                0x000000000000225c       0x20 /usr/local/mcuxpressoide-11.0.1_2563/ide/plugins/com.nxp.mcuxpresso.tools.linux_11.0.1.201907311258/tools/bin/../lib/gcc/arm-none-eabi/8.2.1/../../../../arm-none-eabi/lib/thumb/v6-m/nofp/libcr_c.a(alloc.o)
                0x000000000000225c                _Csys_alloc
 .text._initio  0x000000000000227c       0x7c /usr/local/mcuxpressoide-11.0.1_2563/ide/plugins/com.nxp.mcuxpresso.tools.linux_11.0.1.201907311258/tools/bin/../lib/gcc/arm-none-eabi/8.2.1/../../../../arm-none-eabi/lib/thumb/v6-m/nofp/libcr_c.a(initio.o)
                0x000000000000227c                _initio
 .text.__vfprintf
                0x00000000000022f8      0xcd8 /usr/local/mcuxpressoide-11.0.1_2563/ide/plugins/com.nxp.mcuxpresso.tools.linux_11.0.1.201907311258/tools/bin/../lib/gcc/arm-none-eabi/8.2.1/../../../../arm-none-eabi/lib/thumb/v6-m/nofp/libcr_c.a(printf.o)
                0x00000000000022f8                __vfprintf
 .text._vsnprintf
                0x0000000000002fd0       0x70 /usr/local/mcuxpressoide-11.0.1_2563/ide/plugins/com.nxp.mcuxpresso.tools.linux_11.0.1.201907311258/tools/bin/../lib/gcc/arm-none-eabi/8.2.1/../../../../arm-none-eabi/lib/thumb/v6-m/nofp/libcr_c.a(printf.o)
                0x0000000000002fd0                _vsnprintf
 .text._printf  0x0000000000003040       0x50 /usr/local/mcuxpressoide-11.0.1_2563/ide/plugins/com.nxp.mcuxpresso.tools.linux_11.0.1.201907311258/tools/bin/../lib/gcc/arm-none-eabi/8.2.1/../../../../arm-none-eabi/lib/thumb/v6-m/nofp/libcr_c.a(printf.o)
                0x0000000000003040                _printf
 .text.setvbuf  0x0000000000003090       0x4c /usr/local/mcuxpressoide-11.0.1_2563/ide/plugins/com.nxp.mcuxpresso.tools.linux_11.0.1.201907311258/tools/bin/../lib/gcc/arm-none-eabi/8.2.1/../../../../arm-none-eabi/lib/thumb/v6-m/nofp/libcr_c.a(setvbuf.o)
                0x0000000000003090                setvbuf
 .text.strlen   0x00000000000030dc       0x58 /usr/local/mcuxpressoide-11.0.1_2563/ide/plugins/com.nxp.mcuxpresso.tools.linux_11.0.1.201907311258/tools/bin/../lib/gcc/arm-none-eabi/8.2.1/../../../../arm-none-eabi/lib/thumb/v6-m/nofp/libcr_c.a(strlen.o)
                0x00000000000030dc                strlen
 .text._sbrk    0x0000000000003134       0x40 /usr/local/mcuxpressoide-11.0.1_2563/ide/plugins/com.nxp.mcuxpresso.tools.linux_11.0.1.201907311258/tools/bin/../lib/gcc/arm-none-eabi/8.2.1/../../../../arm-none-eabi/lib/thumb/v6-m/nofp/libcr_c.a(_cr_sbrk.o)
                0x0000000000003134                _sbrk
 .text._deferredlazyseek
                0x0000000000003174       0x40 /usr/local/mcuxpressoide-11.0.1_2563/ide/plugins/com.nxp.mcuxpresso.tools.linux_11.0.1.201907311258/tools/bin/../lib/gcc/arm-none-eabi/8.2.1/../../../../arm-none-eabi/lib/thumb/v6-m/nofp/libcr_c.a(_deferredlazyseek.o)
                0x0000000000003174                _deferredlazyseek
 .text.__flsbuf
                0x00000000000031b4      0x14c /usr/local/mcuxpressoide-11.0.1_2563/ide/plugins/com.nxp.mcuxpresso.tools.linux_11.0.1.201907311258/tools/bin/../lib/gcc/arm-none-eabi/8.2.1/../../../../arm-none-eabi/lib/thumb/v6-m/nofp/libcr_c.a(_deferredlazyseek.o)
                0x00000000000031b4                __flsbuf
 .text._fdopen  0x0000000000003300       0x74 /usr/local/mcuxpressoide-11.0.1_2563/ide/plugins/com.nxp.mcuxpresso.tools.linux_11.0.1.201907311258/tools/bin/../lib/gcc/arm-none-eabi/8.2.1/../../../../arm-none-eabi/lib/thumb/v6-m/nofp/libcr_c.a(_fdopen.o)
                0x0000000000003300                _fdopen
 .text._fflush  0x0000000000003374       0x5c /usr/local/mcuxpressoide-11.0.1_2563/ide/plugins/com.nxp.mcuxpresso.tools.linux_11.0.1.201907311258/tools/bin/../lib/gcc/arm-none-eabi/8.2.1/../../../../arm-none-eabi/lib/thumb/v6-m/nofp/libcr_c.a(_fflush.o)
                0x0000000000003374                _fflush
 .text._Cwritebuf
                0x00000000000033d0       0x68 /usr/local/mcuxpressoide-11.0.1_2563/ide/plugins/com.nxp.mcuxpresso.tools.linux_11.0.1.201907311258/tools/bin/../lib/gcc/arm-none-eabi/8.2.1/../../../../arm-none-eabi/lib/thumb/v6-m/nofp/libcr_c.a(_writebuf.o)
                0x00000000000033d0                _Cwritebuf
 .text.fclose   0x0000000000003438       0x5c /usr/local/mcuxpressoide-11.0.1_2563/ide/plugins/com.nxp.mcuxpresso.tools.linux_11.0.1.201907311258/tools/bin/../lib/gcc/arm-none-eabi/8.2.1/../../../../arm-none-eabi/lib/thumb/v6-m/nofp/libcr_c.a(fclose.o)
                0x0000000000003438                fclose
 .text.fflush   0x0000000000003494       0x44 /usr/local/mcuxpressoide-11.0.1_2563/ide/plugins/com.nxp.mcuxpresso.tools.linux_11.0.1.201907311258/tools/bin/../lib/gcc/arm-none-eabi/8.2.1/../../../../arm-none-eabi/lib/thumb/v6-m/nofp/libcr_c.a(fflush.o)
                0x0000000000003494                fflush
 .text.fseek    0x00000000000034d8       0xf0 /usr/local/mcuxpressoide-11.0.1_2563/ide/plugins/com.nxp.mcuxpresso.tools.linux_11.0.1.201907311258/tools/bin/../lib/gcc/arm-none-eabi/8.2.1/../../../../arm-none-eabi/lib/thumb/v6-m/nofp/libcr_c.a(fseek.o)
                0x00000000000034d8                fseek
 .text.ftell    0x00000000000035c8       0x48 /usr/local/mcuxpressoide-11.0.1_2563/ide/plugins/com.nxp.mcuxpresso.tools.linux_11.0.1.201907311258/tools/bin/../lib/gcc/arm-none-eabi/8.2.1/../../../../arm-none-eabi/lib/thumb/v6-m/nofp/libcr_c.a(ftell.o)
                0x00000000000035c8                ftell
 .text.__check_heap_overflow
                0x0000000000003610       0x14 /usr/local/mcuxpressoide-11.0.1_2563/ide/plugins/com.nxp.mcuxpresso.tools.linux_11.0.1.201907311258/tools/bin/../lib/gcc/arm-none-eabi/8.2.1/../../../../arm-none-eabi/lib/thumb/v6-m/nofp/libcr_c.a(_cr_check_heap.o)
                0x0000000000003610                __check_heap_overflow
 .text._do_fflush
                0x0000000000003624       0x44 /usr/local/mcuxpressoide-11.0.1_2563/ide/plugins/com.nxp.mcuxpresso.tools.linux_11.0.1.201907311258/tools/bin/../lib/gcc/arm-none-eabi/8.2.1/../../../../arm-none-eabi/lib/thumb/v6-m/nofp/libcr_c.a(_do_fflush.o)
                0x0000000000003624                _do_fflush
 .text.allocate_words
                0x0000000000003668       0x1e ./Debug/source/mem_test/allocate.o
                0x0000000000003668                allocate_words
 .text.display_memory
                0x0000000000003686       0x14 ./Debug/source/mem_test/display.o
                0x0000000000003686                display_memory
 .text.free_words
                0x000000000000369a       0x18 ./Debug/source/mem_test/free.o
                0x000000000000369a                free_words
 .text.get_address
                0x00000000000036b2       0x26 ./Debug/source/mem_test/get_addr.o
                0x00000000000036b2                get_address
 .text.invert_block
                0x00000000000036d8       0x64 ./Debug/source/mem_test/invert.o
                0x00000000000036d8                invert_block
 .text.write_memory
                0x000000000000373c       0x2e ./Debug/source/mem_test/mem_write.o
                0x000000000000373c                write_memory
 .text.write_pattern
                0x000000000000376a       0x38 ./Debug/source/mem_test/pattern_write.o
                0x000000000000376a                write_pattern
 .text.BOARD_InitBootClocks
                0x00000000000037a2        0xe ./Debug/board/clock_config.o
                0x00000000000037a2                BOARD_InitBootClocks
 .text.BOARD_InitBootPeripherals
                0x00000000000037b0        0xa ./Debug/board/peripherals.o
                0x00000000000037b0                BOARD_InitBootPeripherals
 .text.BOARD_InitBootPins
                0x00000000000037ba        0xe ./Debug/board/pin_mux.o
                0x00000000000037ba                BOARD_InitBootPins
 .text.OSC_SetExtRefClkConfig
                0x00000000000037c8       0x3e ./Debug/drivers/fsl_clock.o
 .text.OSC_SetCapLoad
                0x0000000000003806       0x42 ./Debug/drivers/fsl_clock.o
 .text.CLOCK_GetPll0RefFreq
                0x0000000000003848       0x10 ./Debug/drivers/fsl_clock.o
 .text.CLOCK_SetExternalRefClkConfig
                0x0000000000003858       0x16 ./Debug/drivers/fsl_clock.o
                0x0000000000003858                CLOCK_SetExternalRefClkConfig
 .text.LPSCI_GetStatusFlags
                0x000000000000386e       0x26 ./Debug/drivers/fsl_lpsci.o
                0x000000000000386e                LPSCI_GetStatusFlags
 .text.UART_GetStatusFlags
                0x0000000000003894       0x26 ./Debug/drivers/fsl_uart.o
                0x0000000000003894                UART_GetStatusFlags
 .text.UART_WriteBlocking
                0x00000000000038ba       0x3a ./Debug/drivers/fsl_uart.o
                0x00000000000038ba                UART_WriteBlocking
 .text.UART_EnableTx
                0x00000000000038f4       0x40 ./Debug/utilities/fsl_debug_console.o
 .text.UART_EnableRx
                0x0000000000003934       0x40 ./Debug/utilities/fsl_debug_console.o
 .text.LPSCI_EnableTx
                0x0000000000003974       0x40 ./Debug/utilities/fsl_debug_console.o
 .text.LPSCI_EnableRx
                0x00000000000039b4       0x40 ./Debug/utilities/fsl_debug_console.o
 .text.DbgConsole_PrintfPaddingCharacter
                0x00000000000039f4       0x46 ./Debug/utilities/fsl_debug_console.o
 .text.DbgConsole_ConvertRadixNumToString
                0x0000000000003a3a      0x114 ./Debug/utilities/fsl_debug_console.o
 .text.DbgConsole_PrintfFormattedData
                0x0000000000003b4e      0x336 ./Debug/utilities/fsl_debug_console.o
 .text.get_length
                0x0000000000003e84       0x66 ./Debug/source/main.o
                0x0000000000003e84                get_length
 .text.init     0x0000000000003eea       0x1a ./Debug/source/main.o
                0x0000000000003eea                init
 .text.GPIO_WritePinOutput
                0x0000000000003f04       0x34 ./Debug/source/led_control/led_control.o
 .text.GPIO_SetPinsOutput
                0x0000000000003f38       0x18 ./Debug/source/led_control/led_control.o
 .text.GPIO_ClearPinsOutput
                0x0000000000003f50       0x18 ./Debug/source/led_control/led_control.o
 .text.__main   0x0000000000003f68        0xc /usr/local/mcuxpressoide-11.0.1_2563/ide/plugins/com.nxp.mcuxpresso.tools.linux_11.0.1.201907311258/tools/bin/../lib/gcc/arm-none-eabi/8.2.1/../../../../arm-none-eabi/lib/thumb/v6-m/nofp/libcr_nohost_nf.a(_cr__main.o)
                0x0000000000003f68                __main
 .text.memset   0x0000000000003f74        0x8 /usr/local/mcuxpressoide-11.0.1_2563/ide/plugins/com.nxp.mcuxpresso.tools.linux_11.0.1.201907311258/tools/bin/../lib/gcc/arm-none-eabi/8.2.1/../../../../arm-none-eabi/lib/thumb/v6-m/nofp/libcr_c.a(memset.o)
                0x0000000000003f74                memset
 .text.free     0x0000000000003f7c       0x2c /usr/local/mcuxpressoide-11.0.1_2563/ide/plugins/com.nxp.mcuxpresso.tools.linux_11.0.1.201907311258/tools/bin/../lib/gcc/arm-none-eabi/8.2.1/../../../../arm-none-eabi/lib/thumb/v6-m/nofp/libcr_c.a(alloc.o)
                0x0000000000003f7c                free
 .text.no_fp_display
                0x0000000000003fa8        0x4 /usr/local/mcuxpressoide-11.0.1_2563/ide/plugins/com.nxp.mcuxpresso.tools.linux_11.0.1.201907311258/tools/bin/../lib/gcc/arm-none-eabi/8.2.1/../../../../arm-none-eabi/lib/thumb/v6-m/nofp/libcr_c.a(printf.o)
 .text.remove   0x0000000000003fac       0x12 /usr/local/mcuxpressoide-11.0.1_2563/ide/plugins/com.nxp.mcuxpresso.tools.linux_11.0.1.201907311258/tools/bin/../lib/gcc/arm-none-eabi/8.2.1/../../../../arm-none-eabi/lib/thumb/v6-m/nofp/libcr_c.a(remove.o)
                0x0000000000003fac                remove
 .text.__aeabi_division_idivmod
                0x0000000000003fbe       0x78 libcr_eabihelpers.a(division_32.o)
                0x0000000000003fbe                __aeabi_idiv
                0x0000000000003fbe                __aeabi_idivmod
                0x0000000000003fc4                __aeabi_uidiv
                0x0000000000003fc4                __aeabi_uidivmod
 .text.__aeabi_division_idiv0
                0x0000000000004036        0x2 libcr_eabihelpers.a(division_idiv0.o)
                0x0000000000004036                __aeabi_idiv0
 .text.__aeabi_llong_lmul
                0x0000000000004038       0x2e libcr_eabihelpers.a(llong.o)
                0x0000000000004038                __aeabi_lmul
 .text.__aeabi_memset_lowlevel
                0x0000000000004066       0x2a libcr_eabihelpers.a(memcpy.o)
                0x0000000000004066                __aeabi_lowlevel_memset
 .text.__sys_appexit
                0x0000000000004090        0x2 /usr/local/mcuxpressoide-11.0.1_2563/ide/plugins/com.nxp.mcuxpresso.tools.linux_11.0.1.201907311258/tools/bin/../lib/gcc/arm-none-eabi/8.2.1/../../../../arm-none-eabi/lib/thumb/v6-m/nofp/libcr_nohost_nf.a(__sys_appexit.o)
                0x0000000000004090                __exit
                0x0000000000004090                __sys_appexit
 .text.__sys_close
                0x0000000000004092        0x6 /usr/local/mcuxpressoide-11.0.1_2563/ide/plugins/com.nxp.mcuxpresso.tools.linux_11.0.1.201907311258/tools/bin/../lib/gcc/arm-none-eabi/8.2.1/../../../../arm-none-eabi/lib/thumb/v6-m/nofp/libcr_nohost_nf.a(__sys_close.o)
                0x0000000000004092                __sys_close
 .text.__sys_flen
                0x0000000000004098        0x6 /usr/local/mcuxpressoide-11.0.1_2563/ide/plugins/com.nxp.mcuxpresso.tools.linux_11.0.1.201907311258/tools/bin/../lib/gcc/arm-none-eabi/8.2.1/../../../../arm-none-eabi/lib/thumb/v6-m/nofp/libcr_nohost_nf.a(__sys_flen.o)
                0x0000000000004098                __sys_flen
 .text.__sys_istty
                0x000000000000409e        0x6 /usr/local/mcuxpressoide-11.0.1_2563/ide/plugins/com.nxp.mcuxpresso.tools.linux_11.0.1.201907311258/tools/bin/../lib/gcc/arm-none-eabi/8.2.1/../../../../arm-none-eabi/lib/thumb/v6-m/nofp/libcr_nohost_nf.a(__sys_istty.o)
                0x000000000000409e                __sys_istty
 .text.__sys_remove
                0x00000000000040a4        0x6 /usr/local/mcuxpressoide-11.0.1_2563/ide/plugins/com.nxp.mcuxpresso.tools.linux_11.0.1.201907311258/tools/bin/../lib/gcc/arm-none-eabi/8.2.1/../../../../arm-none-eabi/lib/thumb/v6-m/nofp/libcr_nohost_nf.a(__sys_remove.o)
                0x00000000000040a4                __sys_remove
 .text.__sys_seek
                0x00000000000040aa        0x6 /usr/local/mcuxpressoide-11.0.1_2563/ide/plugins/com.nxp.mcuxpresso.tools.linux_11.0.1.201907311258/tools/bin/../lib/gcc/arm-none-eabi/8.2.1/../../../../arm-none-eabi/lib/thumb/v6-m/nofp/libcr_nohost_nf.a(__sys_seek.o)
                0x00000000000040aa                __sys_seek
 .text.__sys_tmpnam
                0x00000000000040b0        0x6 /usr/local/mcuxpressoide-11.0.1_2563/ide/plugins/com.nxp.mcuxpresso.tools.linux_11.0.1.201907311258/tools/bin/../lib/gcc/arm-none-eabi/8.2.1/../../../../arm-none-eabi/lib/thumb/v6-m/nofp/libcr_nohost_nf.a(__sys_tmpnam.o)
                0x00000000000040b0                __sys_tmpnam
 .text.__sys_write
                0x00000000000040b6        0x4 /usr/local/mcuxpressoide-11.0.1_2563/ide/plugins/com.nxp.mcuxpresso.tools.linux_11.0.1.201907311258/tools/bin/../lib/gcc/arm-none-eabi/8.2.1/../../../../arm-none-eabi/lib/thumb/v6-m/nofp/libcr_nohost_nf.a(__sys_write.o)
                0x00000000000040b6                __sys_write
 *(SORT_BY_ALIGNMENT(.rodata) SORT_BY_ALIGNMENT(.rodata.*) SORT_BY_ALIGNMENT(.constdata) SORT_BY_ALIGNMENT(.constdata.*))
 *fill*         0x00000000000040ba        0x2 ff
 .rodata        0x00000000000040bc      0x12d ./Debug/source/logger/logger.o
 *fill*         0x00000000000041e9        0x3 ff
 .rodata        0x00000000000041ec        0xf ./Debug/source/pattern_gen/pattern_gen.o
 *fill*         0x00000000000041fb        0x1 ff
 .rodata.mcgConfig_BOARD_BootClockRUN
                0x00000000000041fc        0xa ./Debug/board/clock_config.o
                0x00000000000041fc                mcgConfig_BOARD_BootClockRUN
 *fill*         0x0000000000004206        0x2 ff
 .rodata.simConfig_BOARD_BootClockRUN
                0x0000000000004208        0x8 ./Debug/board/clock_config.o
                0x0000000000004208                simConfig_BOARD_BootClockRUN
 .rodata.oscConfig_BOARD_BootClockRUN
                0x0000000000004210        0x8 ./Debug/board/clock_config.o
                0x0000000000004210                oscConfig_BOARD_BootClockRUN
 .rodata        0x0000000000004218      0x10a ./Debug/drivers/fsl_clock.o
 *fill*         0x0000000000004322        0x2 ff
 .rodata.fllFactorTable.5230
                0x0000000000004324       0x10 ./Debug/drivers/fsl_clock.o
 .rodata        0x0000000000004334        0x4 ./Debug/drivers/fsl_common.o
 .rodata        0x0000000000004338      0x45d ./Debug/drivers/fsl_lpsci.o
 *fill*         0x0000000000004795        0x3 ff
 .rodata.s_uartBases
                0x0000000000004798        0xc ./Debug/drivers/fsl_uart.o
 .rodata.s_uartClock
                0x00000000000047a4        0xc ./Debug/drivers/fsl_uart.o
 .rodata        0x00000000000047b0      0x3e8 ./Debug/drivers/fsl_uart.o
 .rodata        0x0000000000004b98       0x99 ./Debug/source/main.o
 *fill*         0x0000000000004c31        0x3 ff
 .rodata        0x0000000000004c34       0x22 ./Debug/source/led_control/led_control.o
 *fill*         0x0000000000004c56        0x2 ff
 .rodata.__num_Ciob_streams
                0x0000000000004c58        0x4 /usr/local/mcuxpressoide-11.0.1_2563/ide/plugins/com.nxp.mcuxpresso.tools.linux_11.0.1.201907311258/tools/bin/../lib/gcc/arm-none-eabi/8.2.1/../../../../arm-none-eabi/lib/thumb/v6-m/nofp/libcr_nohost_nf.a(__ciob.o)
                0x0000000000004c58                __num_Ciob_streams
 .rodata._Csys_alloc.str1.1
                0x0000000000004c5c       0x18 /usr/local/mcuxpressoide-11.0.1_2563/ide/plugins/com.nxp.mcuxpresso.tools.linux_11.0.1.201907311258/tools/bin/../lib/gcc/arm-none-eabi/8.2.1/../../../../arm-none-eabi/lib/thumb/v6-m/nofp/libcr_c.a(alloc.o)
 .rodata._initio.str1.1
                0x0000000000004c74        0x4 /usr/local/mcuxpressoide-11.0.1_2563/ide/plugins/com.nxp.mcuxpresso.tools.linux_11.0.1.201907311258/tools/bin/../lib/gcc/arm-none-eabi/8.2.1/../../../../arm-none-eabi/lib/thumb/v6-m/nofp/libcr_c.a(initio.o)
 .rodata.__vfprintf.str1.1
                0x0000000000004c78       0x37 /usr/local/mcuxpressoide-11.0.1_2563/ide/plugins/com.nxp.mcuxpresso.tools.linux_11.0.1.201907311258/tools/bin/../lib/gcc/arm-none-eabi/8.2.1/../../../../arm-none-eabi/lib/thumb/v6-m/nofp/libcr_c.a(printf.o)
                                         0x38 (size before relaxing)
                0x0000000000004cb0                . = ALIGN (0x4)
 *fill*         0x0000000000004caf        0x1 ff

.glue_7         0x0000000000004cb0        0x0
 .glue_7        0x0000000000004cb0        0x0 linker stubs

.glue_7t        0x0000000000004cb0        0x0
 .glue_7t       0x0000000000004cb0        0x0 linker stubs

.vfp11_veneer   0x0000000000004cb0        0x0
 .vfp11_veneer  0x0000000000004cb0        0x0 linker stubs

.v4_bx          0x0000000000004cb0        0x0
 .v4_bx         0x0000000000004cb0        0x0 linker stubs

.iplt           0x0000000000004cb0        0x0
 .iplt          0x0000000000004cb0        0x0 ./Debug/source/logger/logger.o

.rel.dyn        0x0000000000004cb0        0x0
 .rel.iplt      0x0000000000004cb0        0x0 ./Debug/source/logger/logger.o

.ARM.extab
 *(SORT_BY_ALIGNMENT(.ARM.extab*) SORT_BY_ALIGNMENT(.gnu.linkonce.armextab.*))
                0x0000000000004cb0                __exidx_start = .

.ARM.exidx
 *(SORT_BY_ALIGNMENT(.ARM.exidx*) SORT_BY_ALIGNMENT(.gnu.linkonce.armexidx.*))
                0x0000000000004cb0                __exidx_end = .
                0x0000000000004cb0                _etext = .

.m_usb_data
 *(SORT_BY_ALIGNMENT(m_usb_bdt))

.mtb_buffer_default
 *(SORT_BY_ALIGNMENT(.mtb*))

.uninit_RESERVED
                0x000000001ffff000        0x0
                0x000000001ffff000                . = ALIGN (0x4)
 *(SORT_BY_ALIGNMENT(.bss.$RESERVED*))
                0x000000001ffff000                . = ALIGN (0x4)
                0x000000001ffff000                _end_uninit_RESERVED = .

.data           0x000000001ffff000        0xc load address 0x0000000000004cb0
 FILL mask 0xff
                0x000000001ffff000                _data = .
 *(SORT_BY_ALIGNMENT(vtable))
 *(SORT_BY_ALIGNMENT(.ramfunc*))
 *(SORT_BY_ALIGNMENT(CodeQuickAccess))
 *(SORT_BY_ALIGNMENT(DataQuickAccess))
 *(SORT_BY_ALIGNMENT(RamFunction))
 *(SORT_BY_ALIGNMENT(.data*))
 .data.SystemCoreClock
                0x000000001ffff000        0x4 ./Debug/CMSIS/system_MKL25Z4.o
                0x000000001ffff000                SystemCoreClock
 .data.s_slowIrcFreq
                0x000000001ffff004        0x4 ./Debug/drivers/fsl_clock.o
 .data.logger_instance
                0x000000001ffff008        0x4 ./Debug/source/main.o
                0x000000001ffff008                logger_instance
                0x000000001ffff00c                . = ALIGN (0x4)
                0x000000001ffff00c                _edata = .

.igot.plt       0x000000001ffff00c        0x0 load address 0x0000000000004cbc
 .igot.plt      0x000000001ffff00c        0x0 ./Debug/source/logger/logger.o

.bss            0x000000001ffff00c      0x140 load address 0x0000000000004cbc
                0x000000001ffff00c                . = ALIGN (0x4)
                0x000000001ffff00c                _bss = .
 *(SORT_BY_ALIGNMENT(.bss*))
 .bss.g_xtal0Freq
                0x000000001ffff00c        0x4 ./Debug/drivers/fsl_clock.o
                0x000000001ffff00c                g_xtal0Freq
 .bss.s_lpsciHandle
                0x000000001ffff010        0x4 ./Debug/drivers/fsl_lpsci.o
 .bss.s_lpsciIsr
                0x000000001ffff014        0x4 ./Debug/drivers/fsl_lpsci.o
 .bss.s_uartHandle
                0x000000001ffff018        0xc ./Debug/drivers/fsl_uart.o
 .bss.s_uartIsr
                0x000000001ffff024        0x4 ./Debug/drivers/fsl_uart.o
 .bss.s_debugConsole
                0x000000001ffff028       0x10 ./Debug/utilities/fsl_debug_console.o
 .bss.logger_1  0x000000001ffff038       0x14 ./Debug/source/main.o
                0x000000001ffff038                logger_1
 .bss.buffer_address
                0x000000001ffff04c       0x40 ./Debug/source/main.o
                0x000000001ffff04c                buffer_address
 .bss.__end_of_heap
                0x000000001ffff08c        0x4 /usr/local/mcuxpressoide-11.0.1_2563/ide/plugins/com.nxp.mcuxpresso.tools.linux_11.0.1.201907311258/tools/bin/../lib/gcc/arm-none-eabi/8.2.1/../../../../arm-none-eabi/lib/thumb/v6-m/nofp/libcr_c.a(__init_alloc.o)
                0x000000001ffff08c                __end_of_heap
 .bss.__heaps   0x000000001ffff090        0x4 /usr/local/mcuxpressoide-11.0.1_2563/ide/plugins/com.nxp.mcuxpresso.tools.linux_11.0.1.201907311258/tools/bin/../lib/gcc/arm-none-eabi/8.2.1/../../../../arm-none-eabi/lib/thumb/v6-m/nofp/libcr_c.a(__init_alloc.o)
                0x000000001ffff090                __heaps
 .bss.errno     0x000000001ffff094        0x4 /usr/local/mcuxpressoide-11.0.1_2563/ide/plugins/com.nxp.mcuxpresso.tools.linux_11.0.1.201907311258/tools/bin/../lib/gcc/arm-none-eabi/8.2.1/../../../../arm-none-eabi/lib/thumb/v6-m/nofp/libcr_c.a(errno.o)
                0x000000001ffff094                errno
 .bss.__Ciob    0x000000001ffff098       0xb4 /usr/local/mcuxpressoide-11.0.1_2563/ide/plugins/com.nxp.mcuxpresso.tools.linux_11.0.1.201907311258/tools/bin/../lib/gcc/arm-none-eabi/8.2.1/../../../../arm-none-eabi/lib/thumb/v6-m/nofp/libcr_nohost_nf.a(__ciob.o)
                0x000000001ffff098                __Ciob
 *(SORT_BY_ALIGNMENT(COMMON))
                0x000000001ffff14c                . = ALIGN (0x4)
                0x000000001ffff14c                _ebss = .
                [!provide]                        PROVIDE (end = .)

.noinit         0x000000001ffff14c        0x0 load address 0x0000000000004cbc
                0x000000001ffff14c                . = ALIGN (0x4)
                0x000000001ffff14c                _noinit = .
 *(SORT_BY_ALIGNMENT(.noinit*))
                0x000000001ffff14c                . = ALIGN (0x4)
                0x000000001ffff14c                _end_noinit = .
                0x0000000000000400                _HeapSize = 0x400

.heap           0x000000001ffff14c      0x400 load address 0x0000000000004cbc
                0x000000001ffff14c                _pvHeapStart = .
                0x000000001ffff54c                . = (. + _HeapSize)
 *fill*         0x000000001ffff14c      0x400 
                0x000000001ffff54c                . = ALIGN (0x4)
                0x000000001ffff54c                _pvHeapLimit = .
                0x0000000000000400                _StackSize = 0x400

.heap2stackfill
                0x000000001ffff54c      0x400 load address 0x0000000000004cbc
                0x000000001ffff94c                . = (. + _StackSize)
 *fill*         0x000000001ffff54c      0x400 

.stack          0x0000000020002c00        0x0
                0x0000000020002c00                _vStackBase = .
                0x0000000020002c00                . = ALIGN (0x4)
                0x0000000020003000                _vStackTop = (. + _StackSize)
                0x0000000000000000                _image_start = LOADADDR (.text)
                0x0000000000004cbc                _image_end = (LOADADDR (.data) + SIZEOF (.data))
                0x0000000000004cbc                _image_size = (_image_end - _image_start)
OUTPUT(./Debug/pes_project_3.axf elf32-littlearm)

.debug_info     0x0000000000000000     0x9431
 .debug_info    0x0000000000000000      0x340 ./Debug/source/logger/logger.o
 .debug_info    0x0000000000000340       0xfd ./Debug/source/mem_test/allocate.o
 .debug_info    0x000000000000043d      0x111 ./Debug/source/mem_test/display.o
 .debug_info    0x000000000000054e       0xe0 ./Debug/source/mem_test/free.o
 .debug_info    0x000000000000062e      0x120 ./Debug/source/mem_test/get_addr.o
 .debug_info    0x000000000000074e      0x16a ./Debug/source/mem_test/invert.o
 .debug_info    0x00000000000008b8      0x14c ./Debug/source/mem_test/mem_write.o
 .debug_info    0x0000000000000a04      0x173 ./Debug/source/mem_test/pattern_write.o
 .debug_info    0x0000000000000b77      0x1a8 ./Debug/source/mem_test/verify.o
 .debug_info    0x0000000000000d1f      0x167 ./Debug/source/pattern_gen/pattern_gen.o
 .debug_info    0x0000000000000e86      0x4df ./Debug/startup/startup_mkl25z4.o
 .debug_info    0x0000000000001365      0x439 ./Debug/CMSIS/system_MKL25Z4.o
 .debug_info    0x000000000000179e      0x6fa ./Debug/board/board.o
 .debug_info    0x0000000000001e98      0xafe ./Debug/board/clock_config.o
 .debug_info    0x0000000000002996       0x3c ./Debug/board/peripherals.o
 .debug_info    0x00000000000029d2      0x5a3 ./Debug/board/pin_mux.o
 .debug_info    0x0000000000002f75     0x1a97 ./Debug/drivers/fsl_clock.o
 .debug_info    0x0000000000004a0c      0x44e ./Debug/drivers/fsl_common.o
 .debug_info    0x0000000000004e5a     0x1469 ./Debug/drivers/fsl_lpsci.o
 .debug_info    0x00000000000062c3     0x140a ./Debug/drivers/fsl_uart.o
 .debug_info    0x00000000000076cd      0xe72 ./Debug/utilities/fsl_debug_console.o
 .debug_info    0x000000000000853f      0x88b ./Debug/source/main.o
 .debug_info    0x0000000000008dca      0x667 ./Debug/source/led_control/led_control.o

.debug_abbrev   0x0000000000000000     0x23ec
 .debug_abbrev  0x0000000000000000      0x12f ./Debug/source/logger/logger.o
 .debug_abbrev  0x000000000000012f       0xc0 ./Debug/source/mem_test/allocate.o
 .debug_abbrev  0x00000000000001ef       0xc0 ./Debug/source/mem_test/display.o
 .debug_abbrev  0x00000000000002af       0xad ./Debug/source/mem_test/free.o
 .debug_abbrev  0x000000000000035c       0xc0 ./Debug/source/mem_test/get_addr.o
 .debug_abbrev  0x000000000000041c      0x107 ./Debug/source/mem_test/invert.o
 .debug_abbrev  0x0000000000000523       0xef ./Debug/source/mem_test/mem_write.o
 .debug_abbrev  0x0000000000000612       0xef ./Debug/source/mem_test/pattern_write.o
 .debug_abbrev  0x0000000000000701      0x102 ./Debug/source/mem_test/verify.o
 .debug_abbrev  0x0000000000000803       0xef ./Debug/source/pattern_gen/pattern_gen.o
 .debug_abbrev  0x00000000000008f2      0x18d ./Debug/startup/startup_mkl25z4.o
 .debug_abbrev  0x0000000000000a7f      0x156 ./Debug/CMSIS/system_MKL25Z4.o
 .debug_abbrev  0x0000000000000bd5      0x185 ./Debug/board/board.o
 .debug_abbrev  0x0000000000000d5a      0x211 ./Debug/board/clock_config.o
 .debug_abbrev  0x0000000000000f6b       0x31 ./Debug/board/peripherals.o
 .debug_abbrev  0x0000000000000f9c      0x1bb ./Debug/board/pin_mux.o
 .debug_abbrev  0x0000000000001157      0x36f ./Debug/drivers/fsl_clock.o
 .debug_abbrev  0x00000000000014c6      0x27e ./Debug/drivers/fsl_common.o
 .debug_abbrev  0x0000000000001744      0x309 ./Debug/drivers/fsl_lpsci.o
 .debug_abbrev  0x0000000000001a4d      0x323 ./Debug/drivers/fsl_uart.o
 .debug_abbrev  0x0000000000001d70      0x2d7 ./Debug/utilities/fsl_debug_console.o
 .debug_abbrev  0x0000000000002047      0x1fc ./Debug/source/main.o
 .debug_abbrev  0x0000000000002243      0x1a9 ./Debug/source/led_control/led_control.o

.debug_aranges  0x0000000000000000      0x928
 .debug_aranges
                0x0000000000000000       0x50 ./Debug/source/logger/logger.o
 .debug_aranges
                0x0000000000000050       0x20 ./Debug/source/mem_test/allocate.o
 .debug_aranges
                0x0000000000000070       0x20 ./Debug/source/mem_test/display.o
 .debug_aranges
                0x0000000000000090       0x20 ./Debug/source/mem_test/free.o
 .debug_aranges
                0x00000000000000b0       0x20 ./Debug/source/mem_test/get_addr.o
 .debug_aranges
                0x00000000000000d0       0x20 ./Debug/source/mem_test/invert.o
 .debug_aranges
                0x00000000000000f0       0x20 ./Debug/source/mem_test/mem_write.o
 .debug_aranges
                0x0000000000000110       0x20 ./Debug/source/mem_test/pattern_write.o
 .debug_aranges
                0x0000000000000130       0x20 ./Debug/source/mem_test/verify.o
 .debug_aranges
                0x0000000000000150       0x20 ./Debug/source/pattern_gen/pattern_gen.o
 .debug_aranges
                0x0000000000000170      0x160 ./Debug/startup/startup_mkl25z4.o
 .debug_aranges
                0x00000000000002d0       0x28 ./Debug/CMSIS/system_MKL25Z4.o
 .debug_aranges
                0x00000000000002f8       0x28 ./Debug/board/board.o
 .debug_aranges
                0x0000000000000320       0x58 ./Debug/board/clock_config.o
 .debug_aranges
                0x0000000000000378       0x20 ./Debug/board/peripherals.o
 .debug_aranges
                0x0000000000000398       0x38 ./Debug/board/pin_mux.o
 .debug_aranges
                0x00000000000003d0      0x1d8 ./Debug/drivers/fsl_clock.o
 .debug_aranges
                0x00000000000005a8       0x38 ./Debug/drivers/fsl_common.o
 .debug_aranges
                0x00000000000005e0      0x118 ./Debug/drivers/fsl_lpsci.o
 .debug_aranges
                0x00000000000006f8      0x130 ./Debug/drivers/fsl_uart.o
 .debug_aranges
                0x0000000000000828       0x90 ./Debug/utilities/fsl_debug_console.o
 .debug_aranges
                0x00000000000008b8       0x38 ./Debug/source/main.o
 .debug_aranges
                0x00000000000008f0       0x38 ./Debug/source/led_control/led_control.o

.debug_ranges   0x0000000000000000      0x7b8
 .debug_ranges  0x0000000000000000       0x40 ./Debug/source/logger/logger.o
 .debug_ranges  0x0000000000000040       0x10 ./Debug/source/mem_test/allocate.o
 .debug_ranges  0x0000000000000050       0x10 ./Debug/source/mem_test/display.o
 .debug_ranges  0x0000000000000060       0x10 ./Debug/source/mem_test/free.o
 .debug_ranges  0x0000000000000070       0x10 ./Debug/source/mem_test/get_addr.o
 .debug_ranges  0x0000000000000080       0x10 ./Debug/source/mem_test/invert.o
 .debug_ranges  0x0000000000000090       0x10 ./Debug/source/mem_test/mem_write.o
 .debug_ranges  0x00000000000000a0       0x10 ./Debug/source/mem_test/pattern_write.o
 .debug_ranges  0x00000000000000b0       0x10 ./Debug/source/mem_test/verify.o
 .debug_ranges  0x00000000000000c0       0x10 ./Debug/source/pattern_gen/pattern_gen.o
 .debug_ranges  0x00000000000000d0      0x150 ./Debug/startup/startup_mkl25z4.o
 .debug_ranges  0x0000000000000220       0x18 ./Debug/CMSIS/system_MKL25Z4.o
 .debug_ranges  0x0000000000000238       0x18 ./Debug/board/board.o
 .debug_ranges  0x0000000000000250       0x48 ./Debug/board/clock_config.o
 .debug_ranges  0x0000000000000298       0x10 ./Debug/board/peripherals.o
 .debug_ranges  0x00000000000002a8       0x28 ./Debug/board/pin_mux.o
 .debug_ranges  0x00000000000002d0      0x1c8 ./Debug/drivers/fsl_clock.o
 .debug_ranges  0x0000000000000498       0x28 ./Debug/drivers/fsl_common.o
 .debug_ranges  0x00000000000004c0      0x108 ./Debug/drivers/fsl_lpsci.o
 .debug_ranges  0x00000000000005c8      0x120 ./Debug/drivers/fsl_uart.o
 .debug_ranges  0x00000000000006e8       0x80 ./Debug/utilities/fsl_debug_console.o
 .debug_ranges  0x0000000000000768       0x28 ./Debug/source/main.o
 .debug_ranges  0x0000000000000790       0x28 ./Debug/source/led_control/led_control.o

.debug_macro    0x0000000000000000     0x9c70
 .debug_macro   0x0000000000000000       0x63 ./Debug/source/logger/logger.o
 .debug_macro   0x0000000000000063      0xaba ./Debug/source/logger/logger.o
 .debug_macro   0x0000000000000b1d       0x10 ./Debug/source/logger/logger.o
 .debug_macro   0x0000000000000b2d      0x12e ./Debug/source/logger/logger.o
 .debug_macro   0x0000000000000c5b       0xd8 ./Debug/source/logger/logger.o
 .debug_macro   0x0000000000000d33      0x5b3 ./Debug/source/logger/logger.o
 .debug_macro   0x00000000000012e6       0x59 ./Debug/source/mem_test/allocate.o
 .debug_macro   0x000000000000133f       0x28 ./Debug/source/mem_test/allocate.o
 .debug_macro   0x0000000000001367       0x59 ./Debug/source/mem_test/display.o
 .debug_macro   0x00000000000013c0       0x59 ./Debug/source/mem_test/free.o
 .debug_macro   0x0000000000001419       0x46 ./Debug/source/mem_test/get_addr.o
 .debug_macro   0x000000000000145f       0x63 ./Debug/source/mem_test/invert.o
 .debug_macro   0x00000000000014c2       0x63 ./Debug/source/mem_test/mem_write.o
 .debug_macro   0x0000000000001525       0x6d ./Debug/source/mem_test/pattern_write.o
 .debug_macro   0x0000000000001592       0x6d ./Debug/source/mem_test/verify.o
 .debug_macro   0x00000000000015ff       0x46 ./Debug/source/pattern_gen/pattern_gen.o
 .debug_macro   0x0000000000001645       0x29 ./Debug/startup/startup_mkl25z4.o
 .debug_macro   0x000000000000166e       0x94 ./Debug/CMSIS/system_MKL25Z4.o
 .debug_macro   0x0000000000001702       0x10 ./Debug/CMSIS/system_MKL25Z4.o
 .debug_macro   0x0000000000001712       0x3f ./Debug/CMSIS/system_MKL25Z4.o
 .debug_macro   0x0000000000001751       0x3a ./Debug/CMSIS/system_MKL25Z4.o
 .debug_macro   0x000000000000178b       0x26 ./Debug/CMSIS/system_MKL25Z4.o
 .debug_macro   0x00000000000017b1      0x329 ./Debug/CMSIS/system_MKL25Z4.o
 .debug_macro   0x0000000000001ada       0x30 ./Debug/CMSIS/system_MKL25Z4.o
 .debug_macro   0x0000000000001b0a     0x51e2 ./Debug/CMSIS/system_MKL25Z4.o
 .debug_macro   0x0000000000006cec     0x1352 ./Debug/CMSIS/system_MKL25Z4.o
 .debug_macro   0x000000000000803e      0x112 ./Debug/board/board.o
 .debug_macro   0x0000000000008150       0x16 ./Debug/board/board.o
 .debug_macro   0x0000000000008166       0x22 ./Debug/board/board.o
 .debug_macro   0x0000000000008188       0x3a ./Debug/board/board.o
 .debug_macro   0x00000000000081c2       0xf4 ./Debug/board/board.o
 .debug_macro   0x00000000000082b6       0x35 ./Debug/board/board.o
 .debug_macro   0x00000000000082eb       0x16 ./Debug/board/board.o
 .debug_macro   0x0000000000008301       0x10 ./Debug/board/board.o
 .debug_macro   0x0000000000008311      0x112 ./Debug/board/board.o
 .debug_macro   0x0000000000008423       0x22 ./Debug/board/board.o
 .debug_macro   0x0000000000008445      0x123 ./Debug/board/clock_config.o
 .debug_macro   0x0000000000008568       0x1c ./Debug/board/clock_config.o
 .debug_macro   0x0000000000008584       0x1b ./Debug/board/peripherals.o
 .debug_macro   0x000000000000859f       0xee ./Debug/board/pin_mux.o
 .debug_macro   0x000000000000868d       0x10 ./Debug/board/pin_mux.o
 .debug_macro   0x000000000000869d       0x64 ./Debug/board/pin_mux.o
 .debug_macro   0x0000000000008701      0x196 ./Debug/drivers/fsl_clock.o
 .debug_macro   0x0000000000008897       0xef ./Debug/drivers/fsl_common.o
 .debug_macro   0x0000000000008986       0x1c ./Debug/drivers/fsl_common.o
 .debug_macro   0x00000000000089a2       0xec ./Debug/drivers/fsl_lpsci.o
 .debug_macro   0x0000000000008a8e       0xf2 ./Debug/drivers/fsl_uart.o
 .debug_macro   0x0000000000008b80      0x127 ./Debug/utilities/fsl_debug_console.o
 .debug_macro   0x0000000000008ca7       0x16 ./Debug/utilities/fsl_debug_console.o
 .debug_macro   0x0000000000008cbd       0x10 ./Debug/utilities/fsl_debug_console.o
 .debug_macro   0x0000000000008ccd       0xc4 ./Debug/utilities/fsl_debug_console.o
 .debug_macro   0x0000000000008d91       0x10 ./Debug/utilities/fsl_debug_console.o
 .debug_macro   0x0000000000008da1       0x10 ./Debug/utilities/fsl_debug_console.o
 .debug_macro   0x0000000000008db1      0x1d6 ./Debug/source/main.o
 .debug_macro   0x0000000000008f87      0xac0 ./Debug/source/main.o
 .debug_macro   0x0000000000009a47       0xd2 ./Debug/source/main.o
 .debug_macro   0x0000000000009b19       0x1c ./Debug/source/main.o
 .debug_macro   0x0000000000009b35      0x125 ./Debug/source/led_control/led_control.o
 .debug_macro   0x0000000000009c5a       0x16 ./Debug/source/led_control/led_control.o

.debug_line     0x0000000000000000     0x68a4
 .debug_line    0x0000000000000000      0x2ea ./Debug/source/logger/logger.o
 .debug_line    0x00000000000002ea      0x1a7 ./Debug/source/mem_test/allocate.o
 .debug_line    0x0000000000000491      0x1a2 ./Debug/source/mem_test/display.o
 .debug_line    0x0000000000000633      0x19c ./Debug/source/mem_test/free.o
 .debug_line    0x00000000000007cf      0x1a1 ./Debug/source/mem_test/get_addr.o
 .debug_line    0x0000000000000970      0x1ea ./Debug/source/mem_test/invert.o
 .debug_line    0x0000000000000b5a      0x1d1 ./Debug/source/mem_test/mem_write.o
 .debug_line    0x0000000000000d2b      0x1ff ./Debug/source/mem_test/pattern_write.o
 .debug_line    0x0000000000000f2a      0x263 ./Debug/source/mem_test/verify.o
 .debug_line    0x000000000000118d      0x222 ./Debug/source/pattern_gen/pattern_gen.o
 .debug_line    0x00000000000013af      0x1e4 ./Debug/startup/startup_mkl25z4.o
 .debug_line    0x0000000000001593      0x344 ./Debug/CMSIS/system_MKL25Z4.o
 .debug_line    0x00000000000018d7      0x2df ./Debug/board/board.o
 .debug_line    0x0000000000001bb6      0x372 ./Debug/board/clock_config.o
 .debug_line    0x0000000000001f28       0x59 ./Debug/board/peripherals.o
 .debug_line    0x0000000000001f81      0x300 ./Debug/board/pin_mux.o
 .debug_line    0x0000000000002281     0x12b3 ./Debug/drivers/fsl_clock.o
 .debug_line    0x0000000000003534      0x34f ./Debug/drivers/fsl_common.o
 .debug_line    0x0000000000003883      0xd34 ./Debug/drivers/fsl_lpsci.o
 .debug_line    0x00000000000045b7      0xd23 ./Debug/drivers/fsl_uart.o
 .debug_line    0x00000000000052da      0xc17 ./Debug/utilities/fsl_debug_console.o
 .debug_line    0x0000000000005ef1      0x660 ./Debug/source/main.o
 .debug_line    0x0000000000006551      0x353 ./Debug/source/led_control/led_control.o

.debug_str      0x0000000000000000    0x35f56
 .debug_str     0x0000000000000000     0x4852 ./Debug/source/logger/logger.o
                                       0x490c (size before relaxing)
 .debug_str     0x0000000000004852       0xbf ./Debug/source/mem_test/allocate.o
                                       0x45a8 (size before relaxing)
 .debug_str     0x0000000000004911       0x3e ./Debug/source/mem_test/display.o
                                       0x45ae (size before relaxing)
 .debug_str     0x000000000000494f       0x34 ./Debug/source/mem_test/free.o
                                       0x458e (size before relaxing)
 .debug_str     0x0000000000004983       0x4d ./Debug/source/mem_test/get_addr.o
                                       0x4529 (size before relaxing)
 .debug_str     0x00000000000049d0       0x58 ./Debug/source/mem_test/invert.o
                                       0x45e5 (size before relaxing)
 .debug_str     0x0000000000004a28       0x46 ./Debug/source/mem_test/mem_write.o
                                       0x45e3 (size before relaxing)
 .debug_str     0x0000000000004a6e       0x69 ./Debug/source/mem_test/pattern_write.o
                                       0x4616 (size before relaxing)
 .debug_str     0x0000000000004ad7       0x5a ./Debug/source/mem_test/verify.o
                                       0x45fb (size before relaxing)
 .debug_str     0x0000000000004b31       0x44 ./Debug/source/pattern_gen/pattern_gen.o
                                       0x4538 (size before relaxing)
 .debug_str     0x0000000000004b75      0x3de ./Debug/startup/startup_mkl25z4.o
                                       0x31fe (size before relaxing)
 .debug_str     0x0000000000004f53    0x2b625 ./Debug/CMSIS/system_MKL25Z4.o
                                      0x2fc6f (size before relaxing)
 .debug_str     0x0000000000030578     0x17ca ./Debug/board/board.o
                                      0x31401 (size before relaxing)
 .debug_str     0x0000000000031d42      0x814 ./Debug/board/clock_config.o
                                      0x31233 (size before relaxing)
 .debug_str     0x0000000000032556       0x3f ./Debug/board/peripherals.o
                                       0x2e08 (size before relaxing)
 .debug_str     0x0000000000032595      0x548 ./Debug/board/pin_mux.o
                                      0x30b47 (size before relaxing)
 .debug_str     0x0000000000032add     0x1325 ./Debug/drivers/fsl_clock.o
                                      0x32305 (size before relaxing)
 .debug_str     0x0000000000033e02      0x2da ./Debug/drivers/fsl_common.o
                                      0x308a3 (size before relaxing)
 .debug_str     0x00000000000340dc      0xafb ./Debug/drivers/fsl_lpsci.o
                                      0x3190d (size before relaxing)
 .debug_str     0x0000000000034bd7      0x93a ./Debug/drivers/fsl_uart.o
                                      0x31930 (size before relaxing)
 .debug_str     0x0000000000035511      0x916 ./Debug/utilities/fsl_debug_console.o
                                      0x31762 (size before relaxing)
 .debug_str     0x0000000000035e27       0x85 ./Debug/source/main.o
                                      0x31f3e (size before relaxing)
 .debug_str     0x0000000000035eac       0xaa ./Debug/source/led_control/led_control.o
                                      0x316a4 (size before relaxing)

.comment        0x0000000000000000       0x75
 .comment       0x0000000000000000       0x75 ./Debug/source/logger/logger.o
                                         0x76 (size before relaxing)
 .comment       0x0000000000000075       0x76 ./Debug/source/mem_test/allocate.o
 .comment       0x0000000000000075       0x76 ./Debug/source/mem_test/display.o
 .comment       0x0000000000000075       0x76 ./Debug/source/mem_test/free.o
 .comment       0x0000000000000075       0x76 ./Debug/source/mem_test/get_addr.o
 .comment       0x0000000000000075       0x76 ./Debug/source/mem_test/invert.o
 .comment       0x0000000000000075       0x76 ./Debug/source/mem_test/mem_write.o
 .comment       0x0000000000000075       0x76 ./Debug/source/mem_test/pattern_write.o
 .comment       0x0000000000000075       0x76 ./Debug/source/mem_test/verify.o
 .comment       0x0000000000000075       0x76 ./Debug/source/pattern_gen/pattern_gen.o
 .comment       0x0000000000000075       0x76 ./Debug/startup/startup_mkl25z4.o
 .comment       0x0000000000000075       0x76 ./Debug/CMSIS/system_MKL25Z4.o
 .comment       0x0000000000000075       0x76 ./Debug/board/board.o
 .comment       0x0000000000000075       0x76 ./Debug/board/clock_config.o
 .comment       0x0000000000000075       0x76 ./Debug/board/peripherals.o
 .comment       0x0000000000000075       0x76 ./Debug/board/pin_mux.o
 .comment       0x0000000000000075       0x76 ./Debug/drivers/fsl_clock.o
 .comment       0x0000000000000075       0x76 ./Debug/drivers/fsl_common.o
 .comment       0x0000000000000075       0x76 ./Debug/drivers/fsl_lpsci.o
 .comment       0x0000000000000075       0x76 ./Debug/drivers/fsl_uart.o
 .comment       0x0000000000000075       0x76 ./Debug/utilities/fsl_debug_console.o
 .comment       0x0000000000000075       0x76 ./Debug/source/main.o
 .comment       0x0000000000000075       0x76 ./Debug/source/led_control/led_control.o
 .comment       0x0000000000000075       0x76 /usr/local/mcuxpressoide-11.0.1_2563/ide/plugins/com.nxp.mcuxpresso.tools.linux_11.0.1.201907311258/tools/bin/../lib/gcc/arm-none-eabi/8.2.1/../../../../arm-none-eabi/lib/thumb/v6-m/nofp/libcr_nohost_nf.a(_cr__main.o)
 .comment       0x0000000000000075       0x76 /usr/local/mcuxpressoide-11.0.1_2563/ide/plugins/com.nxp.mcuxpresso.tools.linux_11.0.1.201907311258/tools/bin/../lib/gcc/arm-none-eabi/8.2.1/../../../../arm-none-eabi/lib/thumb/v6-m/nofp/libcr_c.a(memset.o)
 .comment       0x0000000000000075       0x76 /usr/local/mcuxpressoide-11.0.1_2563/ide/plugins/com.nxp.mcuxpresso.tools.linux_11.0.1.201907311258/tools/bin/../lib/gcc/arm-none-eabi/8.2.1/../../../../arm-none-eabi/lib/thumb/v6-m/nofp/libcr_c.a(alloc.o)
 .comment       0x0000000000000075       0x76 /usr/local/mcuxpressoide-11.0.1_2563/ide/plugins/com.nxp.mcuxpresso.tools.linux_11.0.1.201907311258/tools/bin/../lib/gcc/arm-none-eabi/8.2.1/../../../../arm-none-eabi/lib/thumb/v6-m/nofp/libcr_c.a(initio.o)
 .comment       0x0000000000000075       0x76 /usr/local/mcuxpressoide-11.0.1_2563/ide/plugins/com.nxp.mcuxpresso.tools.linux_11.0.1.201907311258/tools/bin/../lib/gcc/arm-none-eabi/8.2.1/../../../../arm-none-eabi/lib/thumb/v6-m/nofp/libcr_c.a(printf.o)
 .comment       0x0000000000000075       0x76 /usr/local/mcuxpressoide-11.0.1_2563/ide/plugins/com.nxp.mcuxpresso.tools.linux_11.0.1.201907311258/tools/bin/../lib/gcc/arm-none-eabi/8.2.1/../../../../arm-none-eabi/lib/thumb/v6-m/nofp/libcr_c.a(setvbuf.o)
 .comment       0x0000000000000075       0x76 /usr/local/mcuxpressoide-11.0.1_2563/ide/plugins/com.nxp.mcuxpresso.tools.linux_11.0.1.201907311258/tools/bin/../lib/gcc/arm-none-eabi/8.2.1/../../../../arm-none-eabi/lib/thumb/v6-m/nofp/libcr_c.a(strlen.o)
 .comment       0x0000000000000075       0x76 /usr/local/mcuxpressoide-11.0.1_2563/ide/plugins/com.nxp.mcuxpresso.tools.linux_11.0.1.201907311258/tools/bin/../lib/gcc/arm-none-eabi/8.2.1/../../../../arm-none-eabi/lib/thumb/v6-m/nofp/libcr_c.a(__init_alloc.o)
 .comment       0x0000000000000075       0x76 /usr/local/mcuxpressoide-11.0.1_2563/ide/plugins/com.nxp.mcuxpresso.tools.linux_11.0.1.201907311258/tools/bin/../lib/gcc/arm-none-eabi/8.2.1/../../../../arm-none-eabi/lib/thumb/v6-m/nofp/libcr_c.a(_cr_sbrk.o)
 .comment       0x0000000000000075       0x76 /usr/local/mcuxpressoide-11.0.1_2563/ide/plugins/com.nxp.mcuxpresso.tools.linux_11.0.1.201907311258/tools/bin/../lib/gcc/arm-none-eabi/8.2.1/../../../../arm-none-eabi/lib/thumb/v6-m/nofp/libcr_c.a(_deferredlazyseek.o)
 .comment       0x0000000000000075       0x76 /usr/local/mcuxpressoide-11.0.1_2563/ide/plugins/com.nxp.mcuxpresso.tools.linux_11.0.1.201907311258/tools/bin/../lib/gcc/arm-none-eabi/8.2.1/../../../../arm-none-eabi/lib/thumb/v6-m/nofp/libcr_c.a(_fdopen.o)
 .comment       0x0000000000000075       0x76 /usr/local/mcuxpressoide-11.0.1_2563/ide/plugins/com.nxp.mcuxpresso.tools.linux_11.0.1.201907311258/tools/bin/../lib/gcc/arm-none-eabi/8.2.1/../../../../arm-none-eabi/lib/thumb/v6-m/nofp/libcr_c.a(_fflush.o)
 .comment       0x0000000000000075       0x76 /usr/local/mcuxpressoide-11.0.1_2563/ide/plugins/com.nxp.mcuxpresso.tools.linux_11.0.1.201907311258/tools/bin/../lib/gcc/arm-none-eabi/8.2.1/../../../../arm-none-eabi/lib/thumb/v6-m/nofp/libcr_c.a(_writebuf.o)
 .comment       0x0000000000000075       0x76 /usr/local/mcuxpressoide-11.0.1_2563/ide/plugins/com.nxp.mcuxpresso.tools.linux_11.0.1.201907311258/tools/bin/../lib/gcc/arm-none-eabi/8.2.1/../../../../arm-none-eabi/lib/thumb/v6-m/nofp/libcr_c.a(errno.o)
 .comment       0x0000000000000075       0x76 /usr/local/mcuxpressoide-11.0.1_2563/ide/plugins/com.nxp.mcuxpresso.tools.linux_11.0.1.201907311258/tools/bin/../lib/gcc/arm-none-eabi/8.2.1/../../../../arm-none-eabi/lib/thumb/v6-m/nofp/libcr_c.a(fclose.o)
 .comment       0x0000000000000075       0x76 /usr/local/mcuxpressoide-11.0.1_2563/ide/plugins/com.nxp.mcuxpresso.tools.linux_11.0.1.201907311258/tools/bin/../lib/gcc/arm-none-eabi/8.2.1/../../../../arm-none-eabi/lib/thumb/v6-m/nofp/libcr_c.a(fflush.o)
 .comment       0x0000000000000075       0x76 /usr/local/mcuxpressoide-11.0.1_2563/ide/plugins/com.nxp.mcuxpresso.tools.linux_11.0.1.201907311258/tools/bin/../lib/gcc/arm-none-eabi/8.2.1/../../../../arm-none-eabi/lib/thumb/v6-m/nofp/libcr_c.a(fseek.o)
 .comment       0x0000000000000075       0x76 /usr/local/mcuxpressoide-11.0.1_2563/ide/plugins/com.nxp.mcuxpresso.tools.linux_11.0.1.201907311258/tools/bin/../lib/gcc/arm-none-eabi/8.2.1/../../../../arm-none-eabi/lib/thumb/v6-m/nofp/libcr_c.a(ftell.o)
 .comment       0x0000000000000075       0x76 /usr/local/mcuxpressoide-11.0.1_2563/ide/plugins/com.nxp.mcuxpresso.tools.linux_11.0.1.201907311258/tools/bin/../lib/gcc/arm-none-eabi/8.2.1/../../../../arm-none-eabi/lib/thumb/v6-m/nofp/libcr_c.a(remove.o)
 .comment       0x0000000000000075       0x76 /usr/local/mcuxpressoide-11.0.1_2563/ide/plugins/com.nxp.mcuxpresso.tools.linux_11.0.1.201907311258/tools/bin/../lib/gcc/arm-none-eabi/8.2.1/../../../../arm-none-eabi/lib/thumb/v6-m/nofp/libcr_c.a(_cr_check_heap.o)
 .comment       0x0000000000000075       0x76 /usr/local/mcuxpressoide-11.0.1_2563/ide/plugins/com.nxp.mcuxpresso.tools.linux_11.0.1.201907311258/tools/bin/../lib/gcc/arm-none-eabi/8.2.1/../../../../arm-none-eabi/lib/thumb/v6-m/nofp/libcr_c.a(_do_fflush.o)
 .comment       0x0000000000000075       0x76 /usr/local/mcuxpressoide-11.0.1_2563/ide/plugins/com.nxp.mcuxpresso.tools.linux_11.0.1.201907311258/tools/bin/../lib/gcc/arm-none-eabi/8.2.1/../../../../arm-none-eabi/lib/thumb/v6-m/nofp/libcr_nohost_nf.a(__ciob.o)
 .comment       0x0000000000000075       0x76 /usr/local/mcuxpressoide-11.0.1_2563/ide/plugins/com.nxp.mcuxpresso.tools.linux_11.0.1.201907311258/tools/bin/../lib/gcc/arm-none-eabi/8.2.1/../../../../arm-none-eabi/lib/thumb/v6-m/nofp/libcr_nohost_nf.a(__sys_appexit.o)
 .comment       0x0000000000000075       0x76 /usr/local/mcuxpressoide-11.0.1_2563/ide/plugins/com.nxp.mcuxpresso.tools.linux_11.0.1.201907311258/tools/bin/../lib/gcc/arm-none-eabi/8.2.1/../../../../arm-none-eabi/lib/thumb/v6-m/nofp/libcr_nohost_nf.a(__sys_close.o)
 .comment       0x0000000000000075       0x76 /usr/local/mcuxpressoide-11.0.1_2563/ide/plugins/com.nxp.mcuxpresso.tools.linux_11.0.1.201907311258/tools/bin/../lib/gcc/arm-none-eabi/8.2.1/../../../../arm-none-eabi/lib/thumb/v6-m/nofp/libcr_nohost_nf.a(__sys_flen.o)
 .comment       0x0000000000000075       0x76 /usr/local/mcuxpressoide-11.0.1_2563/ide/plugins/com.nxp.mcuxpresso.tools.linux_11.0.1.201907311258/tools/bin/../lib/gcc/arm-none-eabi/8.2.1/../../../../arm-none-eabi/lib/thumb/v6-m/nofp/libcr_nohost_nf.a(__sys_istty.o)
 .comment       0x0000000000000075       0x76 /usr/local/mcuxpressoide-11.0.1_2563/ide/plugins/com.nxp.mcuxpresso.tools.linux_11.0.1.201907311258/tools/bin/../lib/gcc/arm-none-eabi/8.2.1/../../../../arm-none-eabi/lib/thumb/v6-m/nofp/libcr_nohost_nf.a(__sys_remove.o)
 .comment       0x0000000000000075       0x76 /usr/local/mcuxpressoide-11.0.1_2563/ide/plugins/com.nxp.mcuxpresso.tools.linux_11.0.1.201907311258/tools/bin/../lib/gcc/arm-none-eabi/8.2.1/../../../../arm-none-eabi/lib/thumb/v6-m/nofp/libcr_nohost_nf.a(__sys_seek.o)
 .comment       0x0000000000000075       0x76 /usr/local/mcuxpressoide-11.0.1_2563/ide/plugins/com.nxp.mcuxpresso.tools.linux_11.0.1.201907311258/tools/bin/../lib/gcc/arm-none-eabi/8.2.1/../../../../arm-none-eabi/lib/thumb/v6-m/nofp/libcr_nohost_nf.a(__sys_tmpnam.o)
 .comment       0x0000000000000075       0x76 /usr/local/mcuxpressoide-11.0.1_2563/ide/plugins/com.nxp.mcuxpresso.tools.linux_11.0.1.201907311258/tools/bin/../lib/gcc/arm-none-eabi/8.2.1/../../../../arm-none-eabi/lib/thumb/v6-m/nofp/libcr_nohost_nf.a(__sys_write.o)

.ARM.attributes
                0x0000000000000000       0x2a
 .ARM.attributes
                0x0000000000000000       0x2c ./Debug/source/logger/logger.o
 .ARM.attributes
                0x000000000000002c       0x2c ./Debug/source/mem_test/allocate.o
 .ARM.attributes
                0x0000000000000058       0x2c ./Debug/source/mem_test/display.o
 .ARM.attributes
                0x0000000000000084       0x2c ./Debug/source/mem_test/free.o
 .ARM.attributes
                0x00000000000000b0       0x2c ./Debug/source/mem_test/get_addr.o
 .ARM.attributes
                0x00000000000000dc       0x2c ./Debug/source/mem_test/invert.o
 .ARM.attributes
                0x0000000000000108       0x2c ./Debug/source/mem_test/mem_write.o
 .ARM.attributes
                0x0000000000000134       0x2c ./Debug/source/mem_test/pattern_write.o
 .ARM.attributes
                0x0000000000000160       0x2c ./Debug/source/mem_test/verify.o
 .ARM.attributes
                0x000000000000018c       0x2c ./Debug/source/pattern_gen/pattern_gen.o
 .ARM.attributes
                0x00000000000001b8       0x2c ./Debug/startup/startup_mkl25z4.o
 .ARM.attributes
                0x00000000000001e4       0x2c ./Debug/CMSIS/system_MKL25Z4.o
 .ARM.attributes
                0x0000000000000210       0x2c ./Debug/board/board.o
 .ARM.attributes
                0x000000000000023c       0x2c ./Debug/board/clock_config.o
 .ARM.attributes
                0x0000000000000268       0x2c ./Debug/board/peripherals.o
 .ARM.attributes
                0x0000000000000294       0x2c ./Debug/board/pin_mux.o
 .ARM.attributes
                0x00000000000002c0       0x2c ./Debug/drivers/fsl_clock.o
 .ARM.attributes
                0x00000000000002ec       0x2c ./Debug/drivers/fsl_common.o
 .ARM.attributes
                0x0000000000000318       0x2c ./Debug/drivers/fsl_lpsci.o
 .ARM.attributes
                0x0000000000000344       0x2c ./Debug/drivers/fsl_uart.o
 .ARM.attributes
                0x0000000000000370       0x2c ./Debug/utilities/fsl_debug_console.o
 .ARM.attributes
                0x000000000000039c       0x2c ./Debug/source/main.o
 .ARM.attributes
                0x00000000000003c8       0x2c ./Debug/source/led_control/led_control.o
 .ARM.attributes
                0x00000000000003f4       0x2c /usr/local/mcuxpressoide-11.0.1_2563/ide/plugins/com.nxp.mcuxpresso.tools.linux_11.0.1.201907311258/tools/bin/../lib/gcc/arm-none-eabi/8.2.1/../../../../arm-none-eabi/lib/thumb/v6-m/nofp/libcr_nohost_nf.a(_cr__main.o)
 .ARM.attributes
                0x0000000000000420       0x2c /usr/local/mcuxpressoide-11.0.1_2563/ide/plugins/com.nxp.mcuxpresso.tools.linux_11.0.1.201907311258/tools/bin/../lib/gcc/arm-none-eabi/8.2.1/../../../../arm-none-eabi/lib/thumb/v6-m/nofp/libcr_c.a(memset.o)
 .ARM.attributes
                0x000000000000044c       0x2c /usr/local/mcuxpressoide-11.0.1_2563/ide/plugins/com.nxp.mcuxpresso.tools.linux_11.0.1.201907311258/tools/bin/../lib/gcc/arm-none-eabi/8.2.1/../../../../arm-none-eabi/lib/thumb/v6-m/nofp/libcr_c.a(alloc.o)
 .ARM.attributes
                0x0000000000000478       0x2c /usr/local/mcuxpressoide-11.0.1_2563/ide/plugins/com.nxp.mcuxpresso.tools.linux_11.0.1.201907311258/tools/bin/../lib/gcc/arm-none-eabi/8.2.1/../../../../arm-none-eabi/lib/thumb/v6-m/nofp/libcr_c.a(initio.o)
 .ARM.attributes
                0x00000000000004a4       0x2c /usr/local/mcuxpressoide-11.0.1_2563/ide/plugins/com.nxp.mcuxpresso.tools.linux_11.0.1.201907311258/tools/bin/../lib/gcc/arm-none-eabi/8.2.1/../../../../arm-none-eabi/lib/thumb/v6-m/nofp/libcr_c.a(printf.o)
 .ARM.attributes
                0x00000000000004d0       0x2c /usr/local/mcuxpressoide-11.0.1_2563/ide/plugins/com.nxp.mcuxpresso.tools.linux_11.0.1.201907311258/tools/bin/../lib/gcc/arm-none-eabi/8.2.1/../../../../arm-none-eabi/lib/thumb/v6-m/nofp/libcr_c.a(setvbuf.o)
 .ARM.attributes
                0x00000000000004fc       0x2c /usr/local/mcuxpressoide-11.0.1_2563/ide/plugins/com.nxp.mcuxpresso.tools.linux_11.0.1.201907311258/tools/bin/../lib/gcc/arm-none-eabi/8.2.1/../../../../arm-none-eabi/lib/thumb/v6-m/nofp/libcr_c.a(strlen.o)
 .ARM.attributes
                0x0000000000000528       0x2c /usr/local/mcuxpressoide-11.0.1_2563/ide/plugins/com.nxp.mcuxpresso.tools.linux_11.0.1.201907311258/tools/bin/../lib/gcc/arm-none-eabi/8.2.1/../../../../arm-none-eabi/lib/thumb/v6-m/nofp/libcr_c.a(__init_alloc.o)
 .ARM.attributes
                0x0000000000000554       0x2c /usr/local/mcuxpressoide-11.0.1_2563/ide/plugins/com.nxp.mcuxpresso.tools.linux_11.0.1.201907311258/tools/bin/../lib/gcc/arm-none-eabi/8.2.1/../../../../arm-none-eabi/lib/thumb/v6-m/nofp/libcr_c.a(_cr_sbrk.o)
 .ARM.attributes
                0x0000000000000580       0x2c /usr/local/mcuxpressoide-11.0.1_2563/ide/plugins/com.nxp.mcuxpresso.tools.linux_11.0.1.201907311258/tools/bin/../lib/gcc/arm-none-eabi/8.2.1/../../../../arm-none-eabi/lib/thumb/v6-m/nofp/libcr_c.a(_deferredlazyseek.o)
 .ARM.attributes
                0x00000000000005ac       0x2c /usr/local/mcuxpressoide-11.0.1_2563/ide/plugins/com.nxp.mcuxpresso.tools.linux_11.0.1.201907311258/tools/bin/../lib/gcc/arm-none-eabi/8.2.1/../../../../arm-none-eabi/lib/thumb/v6-m/nofp/libcr_c.a(_fdopen.o)
 .ARM.attributes
                0x00000000000005d8       0x2c /usr/local/mcuxpressoide-11.0.1_2563/ide/plugins/com.nxp.mcuxpresso.tools.linux_11.0.1.201907311258/tools/bin/../lib/gcc/arm-none-eabi/8.2.1/../../../../arm-none-eabi/lib/thumb/v6-m/nofp/libcr_c.a(_fflush.o)
 .ARM.attributes
                0x0000000000000604       0x2c /usr/local/mcuxpressoide-11.0.1_2563/ide/plugins/com.nxp.mcuxpresso.tools.linux_11.0.1.201907311258/tools/bin/../lib/gcc/arm-none-eabi/8.2.1/../../../../arm-none-eabi/lib/thumb/v6-m/nofp/libcr_c.a(_writebuf.o)
 .ARM.attributes
                0x0000000000000630       0x31 /usr/local/mcuxpressoide-11.0.1_2563/ide/plugins/com.nxp.mcuxpresso.tools.linux_11.0.1.201907311258/tools/bin/../lib/gcc/arm-none-eabi/8.2.1/../../../../arm-none-eabi/lib/thumb/v6-m/nofp/libcr_c.a(errno.o)
 .ARM.attributes
                0x0000000000000661       0x2c /usr/local/mcuxpressoide-11.0.1_2563/ide/plugins/com.nxp.mcuxpresso.tools.linux_11.0.1.201907311258/tools/bin/../lib/gcc/arm-none-eabi/8.2.1/../../../../arm-none-eabi/lib/thumb/v6-m/nofp/libcr_c.a(fclose.o)
 .ARM.attributes
                0x000000000000068d       0x2c /usr/local/mcuxpressoide-11.0.1_2563/ide/plugins/com.nxp.mcuxpresso.tools.linux_11.0.1.201907311258/tools/bin/../lib/gcc/arm-none-eabi/8.2.1/../../../../arm-none-eabi/lib/thumb/v6-m/nofp/libcr_c.a(fflush.o)
 .ARM.attributes
                0x00000000000006b9       0x2c /usr/local/mcuxpressoide-11.0.1_2563/ide/plugins/com.nxp.mcuxpresso.tools.linux_11.0.1.201907311258/tools/bin/../lib/gcc/arm-none-eabi/8.2.1/../../../../arm-none-eabi/lib/thumb/v6-m/nofp/libcr_c.a(fseek.o)
 .ARM.attributes
                0x00000000000006e5       0x2c /usr/local/mcuxpressoide-11.0.1_2563/ide/plugins/com.nxp.mcuxpresso.tools.linux_11.0.1.201907311258/tools/bin/../lib/gcc/arm-none-eabi/8.2.1/../../../../arm-none-eabi/lib/thumb/v6-m/nofp/libcr_c.a(ftell.o)
 .ARM.attributes
                0x0000000000000711       0x2c /usr/local/mcuxpressoide-11.0.1_2563/ide/plugins/com.nxp.mcuxpresso.tools.linux_11.0.1.201907311258/tools/bin/../lib/gcc/arm-none-eabi/8.2.1/../../../../arm-none-eabi/lib/thumb/v6-m/nofp/libcr_c.a(remove.o)
 .ARM.attributes
                0x000000000000073d       0x2c /usr/local/mcuxpressoide-11.0.1_2563/ide/plugins/com.nxp.mcuxpresso.tools.linux_11.0.1.201907311258/tools/bin/../lib/gcc/arm-none-eabi/8.2.1/../../../../arm-none-eabi/lib/thumb/v6-m/nofp/libcr_c.a(_cr_check_heap.o)
 .ARM.attributes
                0x0000000000000769       0x2c /usr/local/mcuxpressoide-11.0.1_2563/ide/plugins/com.nxp.mcuxpresso.tools.linux_11.0.1.201907311258/tools/bin/../lib/gcc/arm-none-eabi/8.2.1/../../../../arm-none-eabi/lib/thumb/v6-m/nofp/libcr_c.a(_do_fflush.o)
 .ARM.attributes
                0x0000000000000795       0x1c libcr_eabihelpers.a(division_32.o)
 .ARM.attributes
                0x00000000000007b1       0x1c libcr_eabihelpers.a(division_idiv0.o)
 .ARM.attributes
                0x00000000000007cd       0x1c libcr_eabihelpers.a(llong.o)
 .ARM.attributes
                0x00000000000007e9       0x1c libcr_eabihelpers.a(memcpy.o)
 .ARM.attributes
                0x0000000000000805       0x31 /usr/local/mcuxpressoide-11.0.1_2563/ide/plugins/com.nxp.mcuxpresso.tools.linux_11.0.1.201907311258/tools/bin/../lib/gcc/arm-none-eabi/8.2.1/../../../../arm-none-eabi/lib/thumb/v6-m/nofp/libcr_nohost_nf.a(__ciob.o)
 .ARM.attributes
                0x0000000000000836       0x2c /usr/local/mcuxpressoide-11.0.1_2563/ide/plugins/com.nxp.mcuxpresso.tools.linux_11.0.1.201907311258/tools/bin/../lib/gcc/arm-none-eabi/8.2.1/../../../../arm-none-eabi/lib/thumb/v6-m/nofp/libcr_nohost_nf.a(__sys_appexit.o)
 .ARM.attributes
                0x0000000000000862       0x2c /usr/local/mcuxpressoide-11.0.1_2563/ide/plugins/com.nxp.mcuxpresso.tools.linux_11.0.1.201907311258/tools/bin/../lib/gcc/arm-none-eabi/8.2.1/../../../../arm-none-eabi/lib/thumb/v6-m/nofp/libcr_nohost_nf.a(__sys_close.o)
 .ARM.attributes
                0x000000000000088e       0x2c /usr/local/mcuxpressoide-11.0.1_2563/ide/plugins/com.nxp.mcuxpresso.tools.linux_11.0.1.201907311258/tools/bin/../lib/gcc/arm-none-eabi/8.2.1/../../../../arm-none-eabi/lib/thumb/v6-m/nofp/libcr_nohost_nf.a(__sys_flen.o)
 .ARM.attributes
                0x00000000000008ba       0x2c /usr/local/mcuxpressoide-11.0.1_2563/ide/plugins/com.nxp.mcuxpresso.tools.linux_11.0.1.201907311258/tools/bin/../lib/gcc/arm-none-eabi/8.2.1/../../../../arm-none-eabi/lib/thumb/v6-m/nofp/libcr_nohost_nf.a(__sys_istty.o)
 .ARM.attributes
                0x00000000000008e6       0x2c /usr/local/mcuxpressoide-11.0.1_2563/ide/plugins/com.nxp.mcuxpresso.tools.linux_11.0.1.201907311258/tools/bin/../lib/gcc/arm-none-eabi/8.2.1/../../../../arm-none-eabi/lib/thumb/v6-m/nofp/libcr_nohost_nf.a(__sys_remove.o)
 .ARM.attributes
                0x0000000000000912       0x2c /usr/local/mcuxpressoide-11.0.1_2563/ide/plugins/com.nxp.mcuxpresso.tools.linux_11.0.1.201907311258/tools/bin/../lib/gcc/arm-none-eabi/8.2.1/../../../../arm-none-eabi/lib/thumb/v6-m/nofp/libcr_nohost_nf.a(__sys_seek.o)
 .ARM.attributes
                0x000000000000093e       0x2c /usr/local/mcuxpressoide-11.0.1_2563/ide/plugins/com.nxp.mcuxpresso.tools.linux_11.0.1.201907311258/tools/bin/../lib/gcc/arm-none-eabi/8.2.1/../../../../arm-none-eabi/lib/thumb/v6-m/nofp/libcr_nohost_nf.a(__sys_tmpnam.o)
 .ARM.attributes
                0x000000000000096a       0x2c /usr/local/mcuxpressoide-11.0.1_2563/ide/plugins/com.nxp.mcuxpresso.tools.linux_11.0.1.201907311258/tools/bin/../lib/gcc/arm-none-eabi/8.2.1/../../../../arm-none-eabi/lib/thumb/v6-m/nofp/libcr_nohost_nf.a(__sys_write.o)

.debug_frame    0x0000000000000000     0x1b90
 .debug_frame   0x0000000000000000       0xdc ./Debug/source/logger/logger.o
 .debug_frame   0x00000000000000dc       0x30 ./Debug/source/mem_test/allocate.o
 .debug_frame   0x000000000000010c       0x30 ./Debug/source/mem_test/display.o
 .debug_frame   0x000000000000013c       0x30 ./Debug/source/mem_test/free.o
 .debug_frame   0x000000000000016c       0x30 ./Debug/source/mem_test/get_addr.o
 .debug_frame   0x000000000000019c       0x30 ./Debug/source/mem_test/invert.o
 .debug_frame   0x00000000000001cc       0x30 ./Debug/source/mem_test/mem_write.o
 .debug_frame   0x00000000000001fc       0x30 ./Debug/source/mem_test/pattern_write.o
 .debug_frame   0x000000000000022c       0x34 ./Debug/source/mem_test/verify.o
 .debug_frame   0x0000000000000260       0x34 ./Debug/source/pattern_gen/pattern_gen.o
 .debug_frame   0x0000000000000294      0x3b0 ./Debug/startup/startup_mkl25z4.o
 .debug_frame   0x0000000000000644       0x4c ./Debug/CMSIS/system_MKL25Z4.o
 .debug_frame   0x0000000000000690       0x50 ./Debug/board/board.o
 .debug_frame   0x00000000000006e0      0x100 ./Debug/board/clock_config.o
 .debug_frame   0x00000000000007e0       0x2c ./Debug/board/peripherals.o
 .debug_frame   0x000000000000080c       0x88 ./Debug/board/pin_mux.o
 .debug_frame   0x0000000000000894      0x6e0 ./Debug/drivers/fsl_clock.o
 .debug_frame   0x0000000000000f74       0x90 ./Debug/drivers/fsl_common.o
 .debug_frame   0x0000000000001004      0x418 ./Debug/drivers/fsl_lpsci.o
 .debug_frame   0x000000000000141c      0x468 ./Debug/drivers/fsl_uart.o
 .debug_frame   0x0000000000001884      0x1f0 ./Debug/utilities/fsl_debug_console.o
 .debug_frame   0x0000000000001a74       0x8c ./Debug/source/main.o
 .debug_frame   0x0000000000001b00       0x90 ./Debug/source/led_control/led_control.o

Cross Reference Table

Symbol                                            File
ADC0_DriverIRQHandler                             ./Debug/startup/startup_mkl25z4.o
ADC0_IRQHandler                                   ./Debug/startup/startup_mkl25z4.o
BOARD_BootClockRUN                                ./Debug/board/clock_config.o
BOARD_BootClockVLPR                               ./Debug/board/clock_config.o
BOARD_InitBootClocks                              ./Debug/board/clock_config.o
                                                  ./Debug/source/main.o
BOARD_InitBootPeripherals                         ./Debug/board/peripherals.o
                                                  ./Debug/source/main.o
BOARD_InitBootPins                                ./Debug/board/pin_mux.o
                                                  ./Debug/source/main.o
BOARD_InitDebugConsole                            ./Debug/board/board.o
                                                  ./Debug/source/main.o
BOARD_InitPins                                    ./Debug/board/pin_mux.o
CLOCK_BootToBlpeMode                              ./Debug/drivers/fsl_clock.o
CLOCK_BootToBlpiMode                              ./Debug/drivers/fsl_clock.o
                                                  ./Debug/board/clock_config.o
CLOCK_BootToFeeMode                               ./Debug/drivers/fsl_clock.o
CLOCK_BootToFeiMode                               ./Debug/drivers/fsl_clock.o
CLOCK_BootToPeeMode                               ./Debug/drivers/fsl_clock.o
                                                  ./Debug/board/clock_config.o
CLOCK_CalcPllDiv                                  ./Debug/drivers/fsl_clock.o
CLOCK_ClearStatusFlags                            ./Debug/drivers/fsl_clock.o
CLOCK_DeinitOsc0                                  ./Debug/drivers/fsl_clock.o
CLOCK_EnablePll0                                  ./Debug/drivers/fsl_clock.o
CLOCK_EnableUsbfs0Clock                           ./Debug/drivers/fsl_clock.o
CLOCK_ExternalModeToFbeModeQuick                  ./Debug/drivers/fsl_clock.o
CLOCK_FllStableDelay                              ./Debug/drivers/fsl_clock.o
CLOCK_GetBusClkFreq                               ./Debug/drivers/fsl_clock.o
CLOCK_GetCoreSysClkFreq                           ./Debug/drivers/fsl_clock.o
CLOCK_GetEr32kClkFreq                             ./Debug/drivers/fsl_clock.o
CLOCK_GetFixedFreqClkFreq                         ./Debug/drivers/fsl_clock.o
CLOCK_GetFlashClkFreq                             ./Debug/drivers/fsl_clock.o
CLOCK_GetFllFreq                                  ./Debug/drivers/fsl_clock.o
CLOCK_GetFreq                                     ./Debug/drivers/fsl_clock.o
CLOCK_GetInternalRefClkFreq                       ./Debug/drivers/fsl_clock.o
CLOCK_GetMode                                     ./Debug/drivers/fsl_clock.o
CLOCK_GetOsc0ErClkFreq                            ./Debug/drivers/fsl_clock.o
CLOCK_GetOutClkFreq                               ./Debug/drivers/fsl_clock.o
CLOCK_GetPlatClkFreq                              ./Debug/drivers/fsl_clock.o
CLOCK_GetPll0Freq                                 ./Debug/drivers/fsl_clock.o
CLOCK_GetPllFllSelClkFreq                         ./Debug/drivers/fsl_clock.o
                                                  ./Debug/board/board.o
CLOCK_GetStatusFlags                              ./Debug/drivers/fsl_clock.o
CLOCK_InitOsc0                                    ./Debug/drivers/fsl_clock.o
                                                  ./Debug/board/clock_config.o
CLOCK_InternalModeToFbiModeQuick                  ./Debug/drivers/fsl_clock.o
CLOCK_SetBlpeMode                                 ./Debug/drivers/fsl_clock.o
CLOCK_SetBlpiMode                                 ./Debug/drivers/fsl_clock.o
CLOCK_SetExternalRefClkConfig                     ./Debug/drivers/fsl_clock.o
CLOCK_SetFbeMode                                  ./Debug/drivers/fsl_clock.o
CLOCK_SetFbiMode                                  ./Debug/drivers/fsl_clock.o
CLOCK_SetFeeMode                                  ./Debug/drivers/fsl_clock.o
CLOCK_SetFeiMode                                  ./Debug/drivers/fsl_clock.o
CLOCK_SetInternalRefClkConfig                     ./Debug/drivers/fsl_clock.o
                                                  ./Debug/board/clock_config.o
CLOCK_SetMcgConfig                                ./Debug/drivers/fsl_clock.o
CLOCK_SetOsc0MonitorMode                          ./Debug/drivers/fsl_clock.o
CLOCK_SetPbeMode                                  ./Debug/drivers/fsl_clock.o
CLOCK_SetPeeMode                                  ./Debug/drivers/fsl_clock.o
CLOCK_SetPll0MonitorMode                          ./Debug/drivers/fsl_clock.o
CLOCK_SetSimConfig                                ./Debug/drivers/fsl_clock.o
                                                  ./Debug/board/clock_config.o
CLOCK_TrimInternalRefClk                          ./Debug/drivers/fsl_clock.o
CMP0_DriverIRQHandler                             ./Debug/startup/startup_mkl25z4.o
CMP0_IRQHandler                                   ./Debug/startup/startup_mkl25z4.o
DAC0_DriverIRQHandler                             ./Debug/startup/startup_mkl25z4.o
DAC0_IRQHandler                                   ./Debug/startup/startup_mkl25z4.o
DMA0_DriverIRQHandler                             ./Debug/startup/startup_mkl25z4.o
DMA0_IRQHandler                                   ./Debug/startup/startup_mkl25z4.o
DMA1_DriverIRQHandler                             ./Debug/startup/startup_mkl25z4.o
DMA1_IRQHandler                                   ./Debug/startup/startup_mkl25z4.o
DMA2_DriverIRQHandler                             ./Debug/startup/startup_mkl25z4.o
DMA2_IRQHandler                                   ./Debug/startup/startup_mkl25z4.o
DMA3_DriverIRQHandler                             ./Debug/startup/startup_mkl25z4.o
DMA3_IRQHandler                                   ./Debug/startup/startup_mkl25z4.o
DbgConsole_Deinit                                 ./Debug/utilities/fsl_debug_console.o
DbgConsole_Getchar                                ./Debug/utilities/fsl_debug_console.o
DbgConsole_Init                                   ./Debug/utilities/fsl_debug_console.o
                                                  ./Debug/board/board.o
DbgConsole_Printf                                 ./Debug/utilities/fsl_debug_console.o
                                                  ./Debug/drivers/fsl_common.o
DbgConsole_Putchar                                ./Debug/utilities/fsl_debug_console.o
DbgConsole_Scanf                                  ./Debug/utilities/fsl_debug_console.o
FLASH_Erase                                       ./Debug/drivers/fsl_flash.o
FLASH_EraseAll                                    ./Debug/drivers/fsl_flash.o
FLASH_EraseAllExecuteOnlySegments                 ./Debug/drivers/fsl_flash.o
FLASH_GetProperty                                 ./Debug/drivers/fsl_flash.o
FLASH_GetSecurityState                            ./Debug/drivers/fsl_flash.o
FLASH_Init                                        ./Debug/drivers/fsl_flash.o
FLASH_IsExecuteOnly                               ./Debug/drivers/fsl_flash.o
FLASH_IsProtected                                 ./Debug/drivers/fsl_flash.o
FLASH_PflashGetPrefetchSpeculation                ./Debug/drivers/fsl_flash.o
FLASH_PflashGetProtection                         ./Debug/drivers/fsl_flash.o
FLASH_PflashSetPrefetchSpeculation                ./Debug/drivers/fsl_flash.o
                                                  ./Debug/drivers/fsl_smc.o
FLASH_PflashSetProtection                         ./Debug/drivers/fsl_flash.o
FLASH_PrepareExecuteInRamFunctions                ./Debug/drivers/fsl_flash.o
FLASH_Program                                     ./Debug/drivers/fsl_flash.o
FLASH_ProgramOnce                                 ./Debug/drivers/fsl_flash.o
FLASH_ReadOnce                                    ./Debug/drivers/fsl_flash.o
FLASH_ReadResource                                ./Debug/drivers/fsl_flash.o
FLASH_SecurityBypass                              ./Debug/drivers/fsl_flash.o
FLASH_SetCallback                                 ./Debug/drivers/fsl_flash.o
FLASH_SetProperty                                 ./Debug/drivers/fsl_flash.o
FLASH_VerifyErase                                 ./Debug/drivers/fsl_flash.o
FLASH_VerifyEraseAll                              ./Debug/drivers/fsl_flash.o
FLASH_VerifyEraseAllExecuteOnlySegments           ./Debug/drivers/fsl_flash.o
FLASH_VerifyProgram                               ./Debug/drivers/fsl_flash.o
FTFA_DriverIRQHandler                             ./Debug/startup/startup_mkl25z4.o
FTFA_IRQHandler                                   ./Debug/startup/startup_mkl25z4.o
Flash_Config                                      ./Debug/startup/startup_mkl25z4.o
GPIO_ClearPinsInterruptFlags                      ./Debug/drivers/fsl_gpio.o
GPIO_GetPinsInterruptFlags                        ./Debug/drivers/fsl_gpio.o
GPIO_PinInit                                      ./Debug/drivers/fsl_gpio.o
HardFault_Handler                                 ./Debug/startup/startup_mkl25z4.o
I2C0_DriverIRQHandler                             ./Debug/startup/startup_mkl25z4.o
I2C0_IRQHandler                                   ./Debug/startup/startup_mkl25z4.o
I2C1_DriverIRQHandler                             ./Debug/startup/startup_mkl25z4.o
I2C1_IRQHandler                                   ./Debug/startup/startup_mkl25z4.o
InstallIRQHandler                                 ./Debug/drivers/fsl_common.o
IntDefaultHandler                                 ./Debug/startup/startup_mkl25z4.o
LLWU_DriverIRQHandler                             ./Debug/startup/startup_mkl25z4.o
LLWU_IRQHandler                                   ./Debug/startup/startup_mkl25z4.o
LPSCI_ClearStatusFlags                            ./Debug/drivers/fsl_lpsci.o
LPSCI_Deinit                                      ./Debug/drivers/fsl_lpsci.o
                                                  ./Debug/utilities/fsl_debug_console.o
LPSCI_DisableInterrupts                           ./Debug/drivers/fsl_lpsci.o
LPSCI_EnableInterrupts                            ./Debug/drivers/fsl_lpsci.o
LPSCI_GetDefaultConfig                            ./Debug/drivers/fsl_lpsci.o
                                                  ./Debug/utilities/fsl_debug_console.o
LPSCI_GetEnabledInterrupts                        ./Debug/drivers/fsl_lpsci.o
LPSCI_GetInstance                                 ./Debug/drivers/fsl_lpsci.o
LPSCI_GetStatusFlags                              ./Debug/drivers/fsl_lpsci.o
LPSCI_Init                                        ./Debug/drivers/fsl_lpsci.o
                                                  ./Debug/utilities/fsl_debug_console.o
LPSCI_ReadBlocking                                ./Debug/drivers/fsl_lpsci.o
                                                  ./Debug/utilities/fsl_debug_console.o
LPSCI_SetBaudRate                                 ./Debug/drivers/fsl_lpsci.o
LPSCI_TransferAbortReceive                        ./Debug/drivers/fsl_lpsci.o
LPSCI_TransferAbortSend                           ./Debug/drivers/fsl_lpsci.o
LPSCI_TransferCreateHandle                        ./Debug/drivers/fsl_lpsci.o
LPSCI_TransferGetReceiveCount                     ./Debug/drivers/fsl_lpsci.o
LPSCI_TransferGetSendCount                        ./Debug/drivers/fsl_lpsci.o